Last login: Thu Jan  6 00:55:59 on ttys000
complete:13: command not found: compdef
(base) aamirsyed@Aamirs-MBP ~ % multipass list
Name                    State             IPv4             Image
compute                 Stopped           --               Ubuntu 20.04 LTS
controller              Stopped           --               Ubuntu 20.04 LTS
(base) aamirsyed@Aamirs-MBP ~ % multipass start controller compute
(base) aamirsyed@Aamirs-MBP ~ % multipass list
Name                    State             IPv4             Image
compute                 Running           192.168.64.21    Ubuntu 20.04 LTS
controller              Running           192.168.64.20    Ubuntu 20.04 LTS
(base) aamirsyed@Aamirs-MBP ~ % multipass shell compute
Welcome to Ubuntu 20.04.3 LTS (GNU/Linux 5.4.0-91-generic x86_64)

 * Documentation:  https://help.ubuntu.com
 * Management:     https://landscape.canonical.com
 * Support:        https://ubuntu.com/advantage

 System information disabled due to load higher than 1.0

 * Super-optimized for small spaces - read how we shrank the memory
   footprint of MicroK8s to make it the smallest full K8s around.

   https://ubuntu.com/blog/microk8s-memory-optimisation

24 updates can be applied immediately.
9 of these updates are standard security updates.
To see these additional updates run: apt list --upgradable


Last login: Wed Jan  5 06:39:01 2022 from 192.168.64.1
ubuntu@compute:~$ exit
logout
(base) aamirsyed@Aamirs-MBP ~ % multipass shell controller
Welcome to Ubuntu 20.04.3 LTS (GNU/Linux 5.4.0-91-generic x86_64)

 * Documentation:  https://help.ubuntu.com
 * Management:     https://landscape.canonical.com
 * Support:        https://ubuntu.com/advantage

 System information disabled due to load higher than 1.0


1 update can be applied immediately.
To see these additional updates run: apt list --upgradable


The list of available updates is more than a week old.
To check for new updates run: sudo apt update
Failed to connect to https://changelogs.ubuntu.com/meta-release-lts. Check your Internet connection or proxy settings


Last login: Wed Jan  5 06:39:32 2022 from 192.168.64.1
ubuntu@controller:~$ pwd
/home/ubuntu
ubuntu@controller:~$ ls -la
total 36
drwxr-xr-x 5 ubuntu ubuntu 4096 Jan  5 05:01 .
drwxr-xr-x 3 root   root   4096 Jan  5 02:53 ..
-rw------- 1 ubuntu ubuntu 1920 Jan  5 05:45 .bash_history
-rw-r--r-- 1 ubuntu ubuntu  220 Feb 25  2020 .bash_logout
-rw-r--r-- 1 ubuntu ubuntu 3771 Feb 25  2020 .bashrc
drwx------ 2 ubuntu ubuntu 4096 Jan  5 02:53 .cache
-rw-r--r-- 1 ubuntu ubuntu  807 Feb 25  2020 .profile
drwx------ 2 ubuntu ubuntu 4096 Jan  5 04:01 .ssh
-rw-r--r-- 1 ubuntu ubuntu    0 Jan  5 02:55 .sudo_as_admin_successful
drwxr-xr-x 3 ubuntu ubuntu 4096 Jan  5 03:26 snap
ubuntu@controller:~$ ls -la .s
.ssh/                      .sudo_as_admin_successful
ubuntu@controller:~$ ls -la .s
.ssh/                      .sudo_as_admin_successful
ubuntu@controller:~$ ls -la .ssh/
total 16
drwx------ 2 ubuntu ubuntu 4096 Jan  5 04:01 .
drwxr-xr-x 5 ubuntu ubuntu 4096 Jan  5 05:01 ..
-rw------- 1 ubuntu ubuntu  398 Jan  5 02:53 authorized_keys
-rw-r--r-- 1 ubuntu ubuntu  314 Jan  5 04:01 known_hosts
ubuntu@controller:~$ microstack flavor list
usage: microstack <command> [<args>]

Available commands:
   init         initialize a MicroStack node
   add-compute  generate a connection string for a node to join the cluster
   launch       launch a virtual machine

microstack

positional arguments:
  command     A subcommand to run: {init, launch, add-compute}

optional arguments:
  -h, --help  show this help message and exit
Traceback (most recent call last):
  File "/snap/microstack/242/bin/microstack", line 11, in <module>
    load_entry_point('microstack==0.0.1', 'console_scripts', 'microstack')()
  File "/snap/microstack/242/lib/python3.8/site-packages/microstack/main.py", line 37, in main
    raise Exception('Unrecognized command')
Exception: Unrecognized command
ubuntu@controller:~$ history
    1  sudo snap install microstack --devmode --beta
    2  snap list microstack
    3  sudo microstack init --auto --control
    4  sudo microstack add-compute
    5  microstack.openstack image list
    6  microstack.openstack flavor list
    7  microstack.openstack hypervisor list
    8  microstack launch cirros --name test --availability-zone nova:pmatulis-ss-mstack-2.project.serverstack
    9  sudo snap get microstack config.credentials.keystone-password
   10  microstack.openstack hypervisor list
   11  microstack launch cirros --name test --availability-zone nova:compute
   12  sudo snap get microstack config.credentials.keystone-password
   13  ssh -i /home/ubuntu/snap/microstack/common/.ssh/id_microstack cirros@10.20.20.23
   14  curl https://10.20.20.1
   15  curl https://10.20.20.1:443
   16  microstack.openstack hypervisor list
   17  microstack launch cirros --name test2 --availability-zone nova:controller
   18  ssh -i /home/ubuntu/snap/microstack/common/.ssh/id_microstack cirros@10.20.20.22
   19  microstack.openstack network list
   20  microstack.openstack security group rule list
   21  ping 192.168.64.21
   22  ping 192.168.64.20
   23  microstack.launch cirros --name awesome
   24  ssh -i /home/ubuntu/snap/microstack/common/.ssh/id_microstack cirros@10.20.20.104
   25  systemctl status sshd
   26  systemctl restart sshd
   27  sudo systemctl restart sshd
   28  systemctl status sshd
   29  ssh -i /home/ubuntu/snap/microstack/common/.ssh/id_microstack cirros@10.20.20.104
   30  sudo snap get microstack config.credentials.keystone-password
   31  systemctl status sshd
   32  curl https://10.20.20.1
   33  curl http://10.20.20.1
   34  curl http://10.20.20.1:443
   35  microstack.openstack catalog list
   36  sudo snap get microstack config.credentials.keystone-password
   37  systemctl | grep -i active | grep -i openstack | wc -l
   38  systemctl | grep -i active | grep -i microstack | wc -l
   39  systemctl | grep -i active | grep -i microstack 
   40  openstack --version
   41  microstack --version
   42  microstack.openstack --version
   43  exit
   44  systemctl | grep -i active | grep -i microstack | wc -l
   45  systemctl | grep -i active | grep -i microstack
   46  sudo shutdown
   47  pwd
   48  ls -la
   49  ls -la .ssh/
   50  microstack flavor list
   51  history
ubuntu@controller:~$ microstack.openstack flavor list
Failed to discover available identity versions when contacting https://192.168.64.20:5000/v3. Attempting to parse version from URL.
Internal Server Error (HTTP 500)
ubuntu@controller:~$ systemctl | grep -i active | grep -i microstack | wc -l
28
ubuntu@controller:~$ systemctl | grep -i inactive | grep -i microstack | wc -l
0
ubuntu@controller:~$ systemctl | grep -i inactive | grep -i microstack | wc -l
0
ubuntu@controller:~$ systemctl | grep -i inactive | grep -i microstack 
ubuntu@controller:~$ systemctl | grep -i active | grep -i microstack 
  run-snapd-ns-microstack.mnt.mount                                                   loaded active     mounted         /run/snapd/ns/microstack.mnt                                                 
  snap-microstack-242.mount                                                           loaded active     mounted         Mount unit for microstack, revision 242                                      
  snap.microstack.cinder-scheduler.service                                            loaded active     running         Service for snap application microstack.cinder-scheduler                     
  snap.microstack.cinder-uwsgi.service                                                loaded active     running         Service for snap application microstack.cinder-uwsgi                         
  snap.microstack.cluster-uwsgi.service                                               loaded active     running         Service for snap application microstack.cluster-uwsgi                        
  snap.microstack.glance-api.service                                                  loaded active     running         Service for snap application microstack.glance-api                           
  snap.microstack.horizon-uwsgi.service                                               loaded active     running         Service for snap application microstack.horizon-uwsgi                        
  snap.microstack.keystone-uwsgi.service                                              loaded active     running         Service for snap application microstack.keystone-uwsgi                       
  snap.microstack.libvirtd.service                                                    loaded active     running         Service for snap application microstack.libvirtd                             
  snap.microstack.memcached.service                                                   loaded active     running         Service for snap application microstack.memcached                            
  snap.microstack.mysqld.service                                                      loaded active     running         Service for snap application microstack.mysqld                               
  snap.microstack.neutron-api.service                                                 loaded active     running         Service for snap application microstack.neutron-api                          
  snap.microstack.neutron-ovn-metadata-agent.service                                  loaded active     running         Service for snap application microstack.neutron-ovn-metadata-agent           
  snap.microstack.nginx.service                                                       loaded active     running         Service for snap application microstack.nginx                                
  snap.microstack.nova-api-metadata.service                                           loaded active     running         Service for snap application microstack.nova-api-metadata                    
  snap.microstack.nova-api.service                                                    loaded active     running         Service for snap application microstack.nova-api                             
  snap.microstack.nova-compute.service                                                loaded active     running         Service for snap application microstack.nova-compute                         
  snap.microstack.nova-conductor.service                                              loaded active     running         Service for snap application microstack.nova-conductor                       
  snap.microstack.nova-scheduler.service                                              loaded active     running         Service for snap application microstack.nova-scheduler                       
  snap.microstack.nova-spicehtml5proxy.service                                        loaded active     running         Service for snap application microstack.nova-spicehtml5proxy                 
  snap.microstack.ovn-controller.service                                              loaded active     running         Service for snap application microstack.ovn-controller                       
  snap.microstack.ovn-northd.service                                                  loaded active     running         Service for snap application microstack.ovn-northd                           
  snap.microstack.ovn-ovsdb-server-nb.service                                         loaded active     running         Service for snap application microstack.ovn-ovsdb-server-nb                  
  snap.microstack.ovn-ovsdb-server-sb.service                                         loaded active     running         Service for snap application microstack.ovn-ovsdb-server-sb                  
  snap.microstack.ovs-vswitchd.service                                                loaded active     running         Service for snap application microstack.ovs-vswitchd                         
  snap.microstack.ovsdb-server.service                                                loaded active     running         Service for snap application microstack.ovsdb-server                         
  snap.microstack.placement-uwsgi.service                                             loaded active     running         Service for snap application microstack.placement-uwsgi                      
  snap.microstack.virtlogd.service                                                    loaded active     running         Service for snap application microstack.virtlogd                             
ubuntu@controller:~$ microstack.openstack catalog list
Failed to discover available identity versions when contacting https://192.168.64.20:5000/v3. Attempting to parse version from URL.
Internal Server Error (HTTP 500)
ubuntu@controller:~$ 
ubuntu@controller:~$ reboot
Failed to set wall message, ignoring: Interactive authentication required.
Failed to reboot system via logind: Interactive authentication required.
Failed to open initctl fifo: Permission denied
Failed to talk to init daemon.
ubuntu@controller:~$ sudo reboot
ubuntu@controller:~$ %                                                                                                                                         (base) aamirsyed@Aamirs-MBP ~ % multipass list                    
Name                    State             IPv4             Image
compute                 Running           192.168.64.21    Ubuntu 20.04 LTS
controller              Running           192.168.64.20    Ubuntu 20.04 LTS
(base) aamirsyed@Aamirs-MBP ~ % multipass shell controller
shell failed: ssh connection failed: 'Connection refused'
(base) aamirsyed@Aamirs-MBP ~ % multipass shell controller
Starting controller  Welcome to Ubuntu 20.04.3 LTS (GNU/Linux 5.4.0-91-generic x86_64)

 * Documentation:  https://help.ubuntu.com
 * Management:     https://landscape.canonical.com
 * Support:        https://ubuntu.com/advantage

 System information disabled due to load higher than 1.0


1 update can be applied immediately.
To see these additional updates run: apt list --upgradable


The list of available updates is more than a week old.
To check for new updates run: sudo apt update
Failed to connect to https://changelogs.ubuntu.com/meta-release-lts. Check your Internet connection or proxy settings


Last login: Thu Jan  6 00:58:00 2022 from 192.168.64.1
ubuntu@controller:~$ microstack.openstack catalog list
Failed to discover available identity versions when contacting https://192.168.64.20:5000/v3. Attempting to parse version from URL.
Gateway Timeout (HTTP 504)
ubuntu@controller:~$ sudo systemctl status sshd
● ssh.service - OpenBSD Secure Shell server
     Loaded: loaded (/lib/systemd/system/ssh.service; enabled; vendor preset: enabled)
     Active: active (running) since Thu 2022-01-06 01:05:24 +04; 3min 14s ago
       Docs: man:sshd(8)
             man:sshd_config(5)
    Process: 710 ExecStartPre=/usr/sbin/sshd -t (code=exited, status=0/SUCCESS)
   Main PID: 778 (sshd)
      Tasks: 1 (limit: 9514)
     Memory: 6.1M
     CGroup: /system.slice/ssh.service
             └─778 sshd: /usr/sbin/sshd -D [listener] 0 of 10-100 startups

Jan 06 01:05:23 controller systemd[1]: Starting OpenBSD Secure Shell server...
Jan 06 01:05:24 controller sshd[778]: Server listening on 0.0.0.0 port 22.
Jan 06 01:05:24 controller sshd[778]: Server listening on :: port 22.
Jan 06 01:05:24 controller systemd[1]: Started OpenBSD Secure Shell server.
Jan 06 01:05:54 controller sshd[2968]: Connection closed by 192.168.64.1 port 49616 [preauth]
Jan 06 01:05:54 controller sshd[3024]: Accepted publickey for ubuntu from 192.168.64.1 port 49617 ssh2: RSA SHA256:hWYrLCvL2G3C6BMMzVEshBQuRqIRK5gwYonPkT/GrX0
Jan 06 01:05:54 controller sshd[3024]: pam_unix(sshd:session): session opened for user ubuntu by (uid=0)
ubuntu@controller:~$ systemctl | grep -i inactive
222 loaded units listed. Pass --all to see loaded but inactive units, too.
ubuntu@controller:~$ systemctl | grep -i inactive | wc -l
1
ubuntu@controller:~$ systemctl | grep -i inactive
222 loaded units listed. Pass --all to see loaded but inactive units, too.
ubuntu@controller:~$ 
ubuntu@controller:~$ systemctl | grep -i active | grep -i microstack | wc -l
29
ubuntu@controller:~$ systemctl | grep -i inactive | grep -i microstack | wc -l
0
ubuntu@controller:~$ systemctl | grep -i inactive | wc -l
1
ubuntu@controller:~$ systemctl | grep -i inactive 
222 loaded units listed. Pass --all to see loaded but inactive units, too.
ubuntu@controller:~$ systemctl | grep -i Active: 
ubuntu@controller:~$ systemctl | grep -i "Active:" 
ubuntu@controller:~$ systemctl | grep -e "Active:" 
ubuntu@controller:~$ systemctl | grep -v "Active:" 
  UNIT                                                                                LOAD   ACTIVE SUB       DESCRIPTION                                                                  
  proc-sys-fs-binfmt_misc.automount                                                   loaded active waiting   Arbitrary Executable File Formats File System Automount Point                
  sys-devices-pci0000:00-0000:00:01.0-virtio0-block-vda-vda1.device                   loaded active plugged   /sys/devices/pci0000:00/0000:00:01.0/virtio0/block/vda/vda1                  
  sys-devices-pci0000:00-0000:00:01.0-virtio0-block-vda-vda14.device                  loaded active plugged   /sys/devices/pci0000:00/0000:00:01.0/virtio0/block/vda/vda14                 
  sys-devices-pci0000:00-0000:00:01.0-virtio0-block-vda-vda15.device                  loaded active plugged   /sys/devices/pci0000:00/0000:00:01.0/virtio0/block/vda/vda15                 
  sys-devices-pci0000:00-0000:00:01.0-virtio0-block-vda.device                        loaded active plugged   /sys/devices/pci0000:00/0000:00:01.0/virtio0/block/vda                       
  sys-devices-pci0000:00-0000:00:01.1-ata1-host0-target0:0:0-0:0:0:0-block-sr0.device loaded active plugged   BHYVE_SATA_DVD_ROM cidata                                                    
  sys-devices-pci0000:00-0000:00:02.0-virtio1-net-enp0s2.device                       loaded active plugged   Virtio network device                                                        
  sys-devices-platform-serial8250-tty-ttyS10.device                                   loaded active plugged   /sys/devices/platform/serial8250/tty/ttyS10                                  
  sys-devices-platform-serial8250-tty-ttyS11.device                                   loaded active plugged   /sys/devices/platform/serial8250/tty/ttyS11                                  
  sys-devices-platform-serial8250-tty-ttyS12.device                                   loaded active plugged   /sys/devices/platform/serial8250/tty/ttyS12                                  
  sys-devices-platform-serial8250-tty-ttyS13.device                                   loaded active plugged   /sys/devices/platform/serial8250/tty/ttyS13                                  
  sys-devices-platform-serial8250-tty-ttyS14.device                                   loaded active plugged   /sys/devices/platform/serial8250/tty/ttyS14                                  
  sys-devices-platform-serial8250-tty-ttyS15.device                                   loaded active plugged   /sys/devices/platform/serial8250/tty/ttyS15                                  
  sys-devices-platform-serial8250-tty-ttyS16.device                                   loaded active plugged   /sys/devices/platform/serial8250/tty/ttyS16                                  
  sys-devices-platform-serial8250-tty-ttyS17.device                                   loaded active plugged   /sys/devices/platform/serial8250/tty/ttyS17                                  
  sys-devices-platform-serial8250-tty-ttyS18.device                                   loaded active plugged   /sys/devices/platform/serial8250/tty/ttyS18                                  
  sys-devices-platform-serial8250-tty-ttyS19.device                                   loaded active plugged   /sys/devices/platform/serial8250/tty/ttyS19                                  
  sys-devices-platform-serial8250-tty-ttyS2.device                                    loaded active plugged   /sys/devices/platform/serial8250/tty/ttyS2                                   
  sys-devices-platform-serial8250-tty-ttyS20.device                                   loaded active plugged   /sys/devices/platform/serial8250/tty/ttyS20                                  
  sys-devices-platform-serial8250-tty-ttyS21.device                                   loaded active plugged   /sys/devices/platform/serial8250/tty/ttyS21                                  
  sys-devices-platform-serial8250-tty-ttyS22.device                                   loaded active plugged   /sys/devices/platform/serial8250/tty/ttyS22                                  
  sys-devices-platform-serial8250-tty-ttyS23.device                                   loaded active plugged   /sys/devices/platform/serial8250/tty/ttyS23                                  
  sys-devices-platform-serial8250-tty-ttyS24.device                                   loaded active plugged   /sys/devices/platform/serial8250/tty/ttyS24                                  
  sys-devices-platform-serial8250-tty-ttyS25.device                                   loaded active plugged   /sys/devices/platform/serial8250/tty/ttyS25                                  
  sys-devices-platform-serial8250-tty-ttyS26.device                                   loaded active plugged   /sys/devices/platform/serial8250/tty/ttyS26                                  
  sys-devices-platform-serial8250-tty-ttyS27.device                                   loaded active plugged   /sys/devices/platform/serial8250/tty/ttyS27                                  
  sys-devices-platform-serial8250-tty-ttyS28.device                                   loaded active plugged   /sys/devices/platform/serial8250/tty/ttyS28                                  
  sys-devices-platform-serial8250-tty-ttyS29.device                                   loaded active plugged   /sys/devices/platform/serial8250/tty/ttyS29                                  
  sys-devices-platform-serial8250-tty-ttyS3.device                                    loaded active plugged   /sys/devices/platform/serial8250/tty/ttyS3                                   
  sys-devices-platform-serial8250-tty-ttyS30.device                                   loaded active plugged   /sys/devices/platform/serial8250/tty/ttyS30                                  
  sys-devices-platform-serial8250-tty-ttyS31.device                                   loaded active plugged   /sys/devices/platform/serial8250/tty/ttyS31                                  
  sys-devices-platform-serial8250-tty-ttyS4.device                                    loaded active plugged   /sys/devices/platform/serial8250/tty/ttyS4                                   
  sys-devices-platform-serial8250-tty-ttyS5.device                                    loaded active plugged   /sys/devices/platform/serial8250/tty/ttyS5                                   
  sys-devices-platform-serial8250-tty-ttyS6.device                                    loaded active plugged   /sys/devices/platform/serial8250/tty/ttyS6                                   
  sys-devices-platform-serial8250-tty-ttyS7.device                                    loaded active plugged   /sys/devices/platform/serial8250/tty/ttyS7                                   
  sys-devices-platform-serial8250-tty-ttyS8.device                                    loaded active plugged   /sys/devices/platform/serial8250/tty/ttyS8                                   
  sys-devices-platform-serial8250-tty-ttyS9.device                                    loaded active plugged   /sys/devices/platform/serial8250/tty/ttyS9                                   
  sys-devices-pnp0-00:01-tty-ttyS0.device                                             loaded active plugged   /sys/devices/pnp0/00:01/tty/ttyS0                                            
  sys-devices-pnp0-00:02-tty-ttyS1.device                                             loaded active plugged   /sys/devices/pnp0/00:02/tty/ttyS1                                            
  sys-devices-virtual-block-loop0.device                                              loaded active plugged   /sys/devices/virtual/block/loop0                                             
  sys-devices-virtual-block-loop1.device                                              loaded active plugged   /sys/devices/virtual/block/loop1                                             
  sys-devices-virtual-block-loop2.device                                              loaded active plugged   /sys/devices/virtual/block/loop2                                             
  sys-devices-virtual-block-loop3.device                                              loaded active plugged   /sys/devices/virtual/block/loop3                                             
  sys-devices-virtual-block-loop4.device                                              loaded active plugged   /sys/devices/virtual/block/loop4                                             
  sys-devices-virtual-block-loop5.device                                              loaded active plugged   /sys/devices/virtual/block/loop5                                             
  sys-devices-virtual-misc-rfkill.device                                              loaded active plugged   /sys/devices/virtual/misc/rfkill                                             
  sys-devices-virtual-net-br\x2dex.device                                             loaded active plugged   /sys/devices/virtual/net/br-ex                                               
  sys-devices-virtual-net-br\x2dint.device                                            loaded active plugged   /sys/devices/virtual/net/br-int                                              
  sys-devices-virtual-net-genev_sys_6081.device                                       loaded active plugged   /sys/devices/virtual/net/genev_sys_6081                                      
  sys-devices-virtual-net-ovs\x2dsystem.device                                        loaded active plugged   /sys/devices/virtual/net/ovs-system                                          
  sys-devices-virtual-tty-ttyprintk.device                                            loaded active plugged   /sys/devices/virtual/tty/ttyprintk                                           
  sys-module-configfs.device                                                          loaded active plugged   /sys/module/configfs                                                         
  sys-module-fuse.device                                                              loaded active plugged   /sys/module/fuse                                                             
  sys-subsystem-net-devices-br\x2dex.device                                           loaded active plugged   /sys/subsystem/net/devices/br-ex                                             
  sys-subsystem-net-devices-br\x2dint.device                                          loaded active plugged   /sys/subsystem/net/devices/br-int                                            
  sys-subsystem-net-devices-enp0s2.device                                             loaded active plugged   Virtio network device                                                        
  sys-subsystem-net-devices-genev_sys_6081.device                                     loaded active plugged   /sys/subsystem/net/devices/genev_sys_6081                                    
  sys-subsystem-net-devices-ovs\x2dsystem.device                                      loaded active plugged   /sys/subsystem/net/devices/ovs-system                                        
  -.mount                                                                             loaded active mounted   Root Mount                                                                   
  boot-efi.mount                                                                      loaded active mounted   /boot/efi                                                                    
  dev-hugepages.mount                                                                 loaded active mounted   Huge Pages File System                                                       
  dev-mqueue.mount                                                                    loaded active mounted   POSIX Message Queue File System                                              
  run-snapd-ns-lxd.mnt.mount                                                          loaded active mounted   /run/snapd/ns/lxd.mnt                                                        
  run-snapd-ns-microstack.mnt.mount                                                   loaded active mounted   /run/snapd/ns/microstack.mnt                                                 
  run-snapd-ns.mount                                                                  loaded active mounted   /run/snapd/ns                                                                
  run-user-1000.mount                                                                 loaded active mounted   /run/user/1000                                                               
  snap-core20-1242.mount                                                              loaded active mounted   Mount unit for core20, revision 1242                                         
  snap-core20-1270.mount                                                              loaded active mounted   Mount unit for core20, revision 1270                                         
  snap-lxd-21835.mount                                                                loaded active mounted   Mount unit for lxd, revision 21835                                           
  snap-microstack-242.mount                                                           loaded active mounted   Mount unit for microstack, revision 242                                      
  snap-snapd-14066.mount                                                              loaded active mounted   Mount unit for snapd, revision 14066                                         
  snap-snapd-14295.mount                                                              loaded active mounted   Mount unit for snapd, revision 14295                                         
  sys-fs-fuse-connections.mount                                                       loaded active mounted   FUSE Control File System                                                     
  sys-kernel-config.mount                                                             loaded active mounted   Kernel Configuration File System                                             
  sys-kernel-debug.mount                                                              loaded active mounted   Kernel Debug File System                                                     
  sys-kernel-tracing.mount                                                            loaded active mounted   Kernel Trace File System                                                     
  systemd-ask-password-console.path                                                   loaded active waiting   Dispatch Password Requests to Console Directory Watch                        
  systemd-ask-password-wall.path                                                      loaded active waiting   Forward Password Requests to Wall Directory Watch                            
  ua-license-check.path                                                               loaded active waiting   Trigger to poll for Ubuntu Pro licenses (Only enabled on GCP LTS non-pro)    
  init.scope                                                                          loaded active running   System and Service Manager                                                   
  session-1.scope                                                                     loaded active running   Session 1 of user ubuntu                                                     
  accounts-daemon.service                                                             loaded active running   Accounts Service                                                             
  apparmor.service                                                                    loaded active exited    Load AppArmor profiles                                                       
  apport.service                                                                      loaded active exited    LSB: automatic crash report generation                                       
  atd.service                                                                         loaded active running   Deferred execution scheduler                                                 
  blk-availability.service                                                            loaded active exited    Availability of block devices                                                
  cloud-config.service                                                                loaded active exited    Apply the settings specified in cloud-config                                 
  cloud-final.service                                                                 loaded active exited    Execute cloud user/final scripts                                             
  cloud-init-local.service                                                            loaded active exited    Initial cloud-init job (pre-networking)                                      
  cloud-init.service                                                                  loaded active exited    Initial cloud-init job (metadata service crawler)                            
  console-setup.service                                                               loaded active exited    Set console font and keymap                                                  
  cron.service                                                                        loaded active running   Regular background program processing daemon                                 
  dbus.service                                                                        loaded active running   D-Bus System Message Bus                                                     
  finalrd.service                                                                     loaded active exited    Create final runtime dir for shutdown pivot root                             
  getty@tty1.service                                                                  loaded active running   Getty on tty1                                                                
  keyboard-setup.service                                                              loaded active exited    Set the console keyboard layout                                              
  kmod-static-nodes.service                                                           loaded active exited    Create list of static device nodes for the current kernel                    
  lvm2-monitor.service                                                                loaded active exited    Monitoring of LVM2 mirrors, snapshots etc. using dmeventd or progress polling
  multipathd.service                                                                  loaded active running   Device-Mapper Multipath Device Controller                                    
  networkd-dispatcher.service                                                         loaded active running   Dispatcher daemon for systemd-networkd                                       
  polkit.service                                                                      loaded active running   Authorization Manager                                                        
  rsyslog.service                                                                     loaded active running   System Logging Service                                                       
  serial-getty@ttyS0.service                                                          loaded active running   Serial Getty on ttyS0                                                        
  setvtrgb.service                                                                    loaded active exited    Set console scheme                                                           
  snap.microstack.cinder-scheduler.service                                            loaded active running   Service for snap application microstack.cinder-scheduler                     
  snap.microstack.cinder-uwsgi.service                                                loaded active running   Service for snap application microstack.cinder-uwsgi                         
  snap.microstack.cluster-uwsgi.service                                               loaded active running   Service for snap application microstack.cluster-uwsgi                        
  snap.microstack.glance-api.service                                                  loaded active running   Service for snap application microstack.glance-api                           
  snap.microstack.horizon-uwsgi.service                                               loaded active running   Service for snap application microstack.horizon-uwsgi                        
  snap.microstack.keystone-uwsgi.service                                              loaded active running   Service for snap application microstack.keystone-uwsgi                       
  snap.microstack.libvirtd.service                                                    loaded active running   Service for snap application microstack.libvirtd                             
  snap.microstack.memcached.service                                                   loaded active running   Service for snap application microstack.memcached                            
  snap.microstack.mysqld.service                                                      loaded active running   Service for snap application microstack.mysqld                               
  snap.microstack.neutron-api.service                                                 loaded active running   Service for snap application microstack.neutron-api                          
  snap.microstack.neutron-ovn-metadata-agent.service                                  loaded active running   Service for snap application microstack.neutron-ovn-metadata-agent           
  snap.microstack.nginx.service                                                       loaded active running   Service for snap application microstack.nginx                                
  snap.microstack.nova-api-metadata.service                                           loaded active running   Service for snap application microstack.nova-api-metadata                    
  snap.microstack.nova-api.service                                                    loaded active running   Service for snap application microstack.nova-api                             
  snap.microstack.nova-compute.service                                                loaded active running   Service for snap application microstack.nova-compute                         
  snap.microstack.nova-conductor.service                                              loaded active running   Service for snap application microstack.nova-conductor                       
  snap.microstack.nova-scheduler.service                                              loaded active running   Service for snap application microstack.nova-scheduler                       
  snap.microstack.nova-spicehtml5proxy.service                                        loaded active running   Service for snap application microstack.nova-spicehtml5proxy                 
  snap.microstack.ovn-controller.service                                              loaded active running   Service for snap application microstack.ovn-controller                       
  snap.microstack.ovn-northd.service                                                  loaded active running   Service for snap application microstack.ovn-northd                           
  snap.microstack.ovn-ovsdb-server-nb.service                                         loaded active running   Service for snap application microstack.ovn-ovsdb-server-nb                  
  snap.microstack.ovn-ovsdb-server-sb.service                                         loaded active running   Service for snap application microstack.ovn-ovsdb-server-sb                  
  snap.microstack.ovs-vswitchd.service                                                loaded active running   Service for snap application microstack.ovs-vswitchd                         
  snap.microstack.ovsdb-server.service                                                loaded active running   Service for snap application microstack.ovsdb-server                         
  snap.microstack.placement-uwsgi.service                                             loaded active running   Service for snap application microstack.placement-uwsgi                      
  snap.microstack.rabbitmq-server.service                                             loaded active running   Service for snap application microstack.rabbitmq-server                      
  snap.microstack.virtlogd.service                                                    loaded active running   Service for snap application microstack.virtlogd                             
  snapd.apparmor.service                                                              loaded active exited    Load AppArmor profiles managed internally by snapd                           
  snapd.seeded.service                                                                loaded active exited    Wait until snapd is fully seeded                                             
  snapd.service                                                                       loaded active running   Snap Daemon                                                                  
  ssh.service                                                                         loaded active running   OpenBSD Secure Shell server                                                  
  systemd-fsck@dev-disk-by\x2dlabel-UEFI.service                                      loaded active exited    File System Check on /dev/disk/by-label/UEFI                                 
  systemd-journal-flush.service                                                       loaded active exited    Flush Journal to Persistent Storage                                          
  systemd-journald.service                                                            loaded active running   Journal Service                                                              
  systemd-logind.service                                                              loaded active running   Login Service                                                                
  systemd-modules-load.service                                                        loaded active exited    Load Kernel Modules                                                          
  systemd-networkd-wait-online.service                                                loaded active exited    Wait for Network to be Configured                                            
  systemd-networkd.service                                                            loaded active running   Network Service                                                              
  systemd-random-seed.service                                                         loaded active exited    Load/Save Random Seed                                                        
  systemd-remount-fs.service                                                          loaded active exited    Remount Root and Kernel File Systems                                         
  systemd-resolved.service                                                            loaded active running   Network Name Resolution                                                      
  systemd-sysctl.service                                                              loaded active exited    Apply Kernel Variables                                                       
  systemd-sysusers.service                                                            loaded active exited    Create System Users                                                          
  systemd-timesyncd.service                                                           loaded active running   Network Time Synchronization                                                 
  systemd-tmpfiles-setup-dev.service                                                  loaded active exited    Create Static Device Nodes in /dev                                           
  systemd-tmpfiles-setup.service                                                      loaded active exited    Create Volatile Files and Directories                                        
  systemd-udev-settle.service                                                         loaded active exited    udev Wait for Complete Device Initialization                                 
  systemd-udev-trigger.service                                                        loaded active exited    udev Coldplug all Devices                                                    
  systemd-udevd.service                                                               loaded active running   udev Kernel Device Manager                                                   
  systemd-update-utmp.service                                                         loaded active exited    Update UTMP about System Boot/Shutdown                                       
  systemd-user-sessions.service                                                       loaded active exited    Permit User Sessions                                                         
  udisks2.service                                                                     loaded active running   Disk Manager                                                                 
  ufw.service                                                                         loaded active exited    Uncomplicated firewall                                                       
  unattended-upgrades.service                                                         loaded active running   Unattended Upgrades Shutdown                                                 
  user-runtime-dir@1000.service                                                       loaded active exited    User Runtime Directory /run/user/1000                                        
  user@1000.service                                                                   loaded active running   User Manager for UID 1000                                                    
  uuidd.service                                                                       loaded active running   Daemon for generating UUIDs                                                  
  -.slice                                                                             loaded active active    Root Slice                                                                   
  system-getty.slice                                                                  loaded active active    system-getty.slice                                                           
  system-modprobe.slice                                                               loaded active active    system-modprobe.slice                                                        
  system-serial\x2dgetty.slice                                                        loaded active active    system-serial\x2dgetty.slice                                                 
  system-systemd\x2dfsck.slice                                                        loaded active active    system-systemd\x2dfsck.slice                                                 
  system.slice                                                                        loaded active active    System Slice                                                                 
  user-1000.slice                                                                     loaded active active    User Slice of UID 1000                                                       
  user.slice                                                                          loaded active active    User and Session Slice                                                       
  cloud-init-hotplugd.socket                                                          loaded active listening cloud-init hotplug hook socket                                               
  dbus.socket                                                                         loaded active running   D-Bus System Message Bus Socket                                              
  dm-event.socket                                                                     loaded active listening Device-mapper event daemon FIFOs                                             
  iscsid.socket                                                                       loaded active listening Open-iSCSI iscsid Socket                                                     
  lvm2-lvmpolld.socket                                                                loaded active listening LVM2 poll daemon socket                                                      
  multipathd.socket                                                                   loaded active running   multipathd control socket                                                    
  snap.lxd.daemon.unix.socket                                                         loaded active listening Socket unix for snap application lxd.daemon                                  
  snapd.socket                                                                        loaded active running   Socket activation for snappy daemon                                          
  syslog.socket                                                                       loaded active running   Syslog Socket                                                                
  systemd-fsckd.socket                                                                loaded active listening fsck to fsckd communication Socket                                           
  systemd-initctl.socket                                                              loaded active listening initctl Compatibility Named Pipe                                             
  systemd-journald-audit.socket                                                       loaded active running   Journal Audit Socket                                                         
  systemd-journald-dev-log.socket                                                     loaded active running   Journal Socket (/dev/log)                                                    
  systemd-journald.socket                                                             loaded active running   Journal Socket                                                               
  systemd-networkd.socket                                                             loaded active running   Network Service Netlink Socket                                               
  systemd-rfkill.socket                                                               loaded active listening Load/Save RF Kill Switch Status /dev/rfkill Watch                            
  systemd-udevd-control.socket                                                        loaded active running   udev Control Socket                                                          
  systemd-udevd-kernel.socket                                                         loaded active running   udev Kernel Socket                                                           
  uuidd.socket                                                                        loaded active running   UUID daemon activation socket                                                
  basic.target                                                                        loaded active active    Basic System                                                                 
  cloud-config.target                                                                 loaded active active    Cloud-config availability                                                    
  cloud-init.target                                                                   loaded active active    Cloud-init target                                                            
  cryptsetup.target                                                                   loaded active active    Local Encrypted Volumes                                                      
  getty.target                                                                        loaded active active    Login Prompts                                                                
  graphical.target                                                                    loaded active active    Graphical Interface                                                          
  local-fs-pre.target                                                                 loaded active active    Local File Systems (Pre)                                                     
  local-fs.target                                                                     loaded active active    Local File Systems                                                           
  multi-user.target                                                                   loaded active active    Multi-User System                                                            
  network-online.target                                                               loaded active active    Network is Online                                                            
  network-pre.target                                                                  loaded active active    Network (Pre)                                                                
  network.target                                                                      loaded active active    Network                                                                      
  nss-lookup.target                                                                   loaded active active    Host and Network Name Lookups                                                
  nss-user-lookup.target                                                              loaded active active    User and Group Name Lookups                                                  
  paths.target                                                                        loaded active active    Paths                                                                        
  remote-fs-pre.target                                                                loaded active active    Remote File Systems (Pre)                                                    
  remote-fs.target                                                                    loaded active active    Remote File Systems                                                          
  slices.target                                                                       loaded active active    Slices                                                                       
  sockets.target                                                                      loaded active active    Sockets                                                                      
  swap.target                                                                         loaded active active    Swap                                                                         
  sysinit.target                                                                      loaded active active    System Initialization                                                        
  time-set.target                                                                     loaded active active    System Time Set                                                              
  time-sync.target                                                                    loaded active active    System Time Synchronized                                                     
  timers.target                                                                       loaded active active    Timers                                                                       
  apt-daily-upgrade.timer                                                             loaded active waiting   Daily apt upgrade and clean activities                                       
  apt-daily.timer                                                                     loaded active waiting   Daily apt download activities                                                
  e2scrub_all.timer                                                                   loaded active waiting   Periodic ext4 Online Metadata Check for All Filesystems                      
  fstrim.timer                                                                        loaded active waiting   Discard unused blocks once a week                                            
  fwupd-refresh.timer                                                                 loaded active waiting   Refresh fwupd metadata regularly                                             
  logrotate.timer                                                                     loaded active waiting   Daily rotation of log files                                                  
  man-db.timer                                                                        loaded active waiting   Daily man-db regeneration                                                    
  motd-news.timer                                                                     loaded active waiting   Message of the Day                                                           
  systemd-tmpfiles-clean.timer                                                        loaded active waiting   Daily Cleanup of Temporary Directories                                       
  ua-timer.timer                                                                      loaded active waiting   Ubuntu Advantage Timer for running repeated jobs                             

LOAD   = Reflects whether the unit definition was properly loaded.
ACTIVE = The high-level unit activation state, i.e. generalization of SUB.
SUB    = The low-level unit activation state, values depend on unit type.

222 loaded units listed. Pass --all to see loaded but inactive units, too.
To show all installed unit files use 'systemctl list-unit-files'.
ubuntu@controller:~$ 
ubuntu@controller:~$ microstack.openstack catalog list
+-----------+-----------+----------------------------------------------------------------------------+
| Name      | Type      | Endpoints                                                                  |
+-----------+-----------+----------------------------------------------------------------------------+
| placement | placement | microstack                                                                 |
|           |           |   internal: https://192.168.64.20:8778                                     |
|           |           | microstack                                                                 |
|           |           |   admin: https://192.168.64.20:8778                                        |
|           |           | microstack                                                                 |
|           |           |   public: https://192.168.64.20:8778                                       |
|           |           |                                                                            |
| cinderv3  | volumev3  | microstack                                                                 |
|           |           |   admin: https://192.168.64.20:8776/v3/fa76f3eb5fa046658ad8487ba72360ac    |
|           |           | microstack                                                                 |
|           |           |   internal: https://192.168.64.20:8776/v3/fa76f3eb5fa046658ad8487ba72360ac |
|           |           | microstack                                                                 |
|           |           |   public: https://192.168.64.20:8776/v3/fa76f3eb5fa046658ad8487ba72360ac   |
|           |           |                                                                            |
| cinderv2  | volumev2  | microstack                                                                 |
|           |           |   public: https://192.168.64.20:8776/v2/fa76f3eb5fa046658ad8487ba72360ac   |
|           |           | microstack                                                                 |
|           |           |   internal: https://192.168.64.20:8776/v2/fa76f3eb5fa046658ad8487ba72360ac |
|           |           | microstack                                                                 |
|           |           |   admin: https://192.168.64.20:8776/v2/fa76f3eb5fa046658ad8487ba72360ac    |
|           |           |                                                                            |
| glance    | image     | microstack                                                                 |
|           |           |   admin: https://192.168.64.20:9292                                        |
|           |           | microstack                                                                 |
|           |           |   public: https://192.168.64.20:9292                                       |
|           |           | microstack                                                                 |
|           |           |   internal: https://192.168.64.20:9292                                     |
|           |           |                                                                            |
| keystone  | identity  | microstack                                                                 |
|           |           |   public: https://192.168.64.20:5000/v3/                                   |
|           |           | microstack                                                                 |
|           |           |   admin: https://192.168.64.20:5000/v3/                                    |
|           |           | microstack                                                                 |
|           |           |   internal: https://192.168.64.20:5000/v3/                                 |
|           |           |                                                                            |
| nova      | compute   | microstack                                                                 |
|           |           |   internal: https://192.168.64.20:8774/v2.1                                |
|           |           | microstack                                                                 |
|           |           |   admin: https://192.168.64.20:8774/v2.1                                   |
|           |           | microstack                                                                 |
|           |           |   public: https://192.168.64.20:8774/v2.1                                  |
|           |           |                                                                            |
| neutron   | network   | microstack                                                                 |
|           |           |   internal: https://192.168.64.20:9696                                     |
|           |           | microstack                                                                 |
|           |           |   admin: https://192.168.64.20:9696                                        |
|           |           | microstack                                                                 |
|           |           |   public: https://192.168.64.20:9696                                       |
|           |           |                                                                            |
+-----------+-----------+----------------------------------------------------------------------------+
ubuntu@controller:~$ microstack.openstack falovor list
openstack: 'falovor list' is not an openstack command. See 'openstack --help'.
Did you mean one of these?
  flavor create
  flavor delete
  flavor list
  flavor set
  flavor show
  flavor unset
ubuntu@controller:~$ microstack.openstack falvor list
openstack: 'falvor list' is not an openstack command. See 'openstack --help'.
Did you mean one of these?
  flavor create
  flavor delete
  flavor list
  flavor set
  flavor show
  flavor unset
ubuntu@controller:~$ microstack.openstack flavor list
+----+-----------+-------+------+-----------+-------+-----------+
| ID | Name      |   RAM | Disk | Ephemeral | VCPUs | Is Public |
+----+-----------+-------+------+-----------+-------+-----------+
| 1  | m1.tiny   |   512 |    1 |         0 |     1 | True      |
| 2  | m1.small  |  2048 |   20 |         0 |     1 | True      |
| 3  | m1.medium |  4096 |   20 |         0 |     2 | True      |
| 4  | m1.large  |  8192 |   20 |         0 |     4 | True      |
| 5  | m1.xlarge | 16384 |   20 |         0 |     8 | True      |
+----+-----------+-------+------+-----------+-------+-----------+
ubuntu@controller:~$ lscpu
Architecture:                    x86_64
CPU op-mode(s):                  32-bit, 64-bit
Byte Order:                      Little Endian
Address sizes:                   39 bits physical, 48 bits virtual
CPU(s):                          1
On-line CPU(s) list:             0
Thread(s) per core:              1
Core(s) per socket:              1
Socket(s):                       1
NUMA node(s):                    1
Vendor ID:                       GenuineIntel
CPU family:                      6
Model:                           61
Model name:                      Intel(R) Core(TM) i5-5257U CPU @ 2.70GHz
Stepping:                        4
CPU MHz:                         2697.951
BogoMIPS:                        5395.90
L1d cache:                       32 KiB
L1i cache:                       32 KiB
L2 cache:                        256 KiB
L3 cache:                        3 MiB
NUMA node0 CPU(s):               0
Vulnerability Itlb multihit:     KVM: Vulnerable
Vulnerability L1tf:              Mitigation; PTE Inversion
Vulnerability Mds:               Vulnerable: Clear CPU buffers attempted, no microcode; SMT Host state unknown
Vulnerability Meltdown:          Mitigation; PTI
Vulnerability Spec store bypass: Vulnerable
Vulnerability Spectre v1:        Mitigation; usercopy/swapgs barriers and __user pointer sanitization
Vulnerability Spectre v2:        Mitigation; Full generic retpoline, STIBP disabled, RSB filling
Vulnerability Srbds:             Unknown: Dependent on hypervisor status
Vulnerability Tsx async abort:   Not affected
Flags:                           fpu vme de pse tsc msr pae mce cx8 apic sep mtrr pge mca cmov pat pse36 clflush mmx fxsr sse sse2 ss ht pbe syscall nx pdpe1gb
                                  lm constant_tsc rep_good nopl xtopology nonstop_tsc cpuid pni pclmulqdq dtes64 ds_cpl ssse3 sdbg fma cx16 xtpr pcid sse4_1 ss
                                 e4_2 movbe popcnt aes xsave avx f16c rdrand hypervisor lahf_lm abm 3dnowprefetch pti fsgsbase bmi1 avx2 bmi2 erms xsaveopt ara
                                 t
ubuntu@controller:~$ free -g
              total        used        free      shared  buff/cache   available
Mem:              7           3           2           0           0           3
Swap:             0           0           0
ubuntu@controller:~$ df -k
Filesystem     1K-blocks    Used Available Use% Mounted on
udev             4059444       0   4059444   0% /dev
tmpfs             815356    1152    814204   1% /run
/dev/vda1        4901996 2334372   2551240  48% /
tmpfs            4076768       0   4076768   0% /dev/shm
tmpfs               5120       0      5120   0% /run/lock
tmpfs            4076768       0   4076768   0% /sys/fs/cgroup
/dev/loop0         63360   63360         0 100% /snap/core20/1242
/dev/loop2         68864   68864         0 100% /snap/lxd/21835
/dev/loop3        427648  427648         0 100% /snap/microstack/242
/dev/loop1         63488   63488         0 100% /snap/core20/1270
/dev/vda15        106858    5321    101537   5% /boot/efi
/dev/loop4         43264   43264         0 100% /snap/snapd/14066
/dev/loop5         44416   44416         0 100% /snap/snapd/14295
tmpfs             815352       0    815352   0% /run/user/1000
ubuntu@controller:~$ top

top - 01:15:06 up 9 min,  1 user,  load average: 1.77, 4.90, 4.18
Tasks: 204 total,   6 running, 198 sleeping,   0 stopped,   0 zombie
%Cpu(s):  2.5 us,  1.1 sy,  0.0 ni, 92.9 id,  3.2 wa,  0.0 hi,  0.4 si,  0.0 st
MiB Mem :   7962.4 total,   3012.3 free,   4028.4 used,    921.7 buff/cache
MiB Swap:      0.0 total,      0.0 free,      0.0 used.   3666.2 avail Mem 

    PID USER      PR  NI    VIRT    RES    SHR S  %CPU  %MEM     TIME+ COMMAND                                                                                
    693 root      20   0 1381960 501660  37688 S   1.0   6.2   0:09.58 mysqld                                                                                 
    687 root      20   0  121024 100748  15296 R   0.7   1.2   0:09.03 python3                                                                                
    697 root      20   0  110848  97280  12012 R   0.7   1.2   0:09.38 python3                                                                                
    698 root      20   0  129584 112012  12532 R   0.7   1.4   0:10.46 python3                                                                                
    700 root      20   0  111764  98572  12480 R   0.7   1.2   0:08.06 python3                                                                                
    280 root      20   0       0      0      0 S   0.3   0.0   0:00.24 jbd2/vda1-8                                                                            
    701 root      20   0  117460 103992  12500 R   0.3   1.3   0:08.80 python3                                                                                
   1567 root      20   0   10092   5940   3996 S   0.3   0.1   0:00.42 ovsdb-server                                                                           
   1696 root      10 -10  235816  39040  12128 S   0.3   0.5   0:01.23 ovs-vswitchd                                                                           
   3281 ubuntu    20   0   13928   5972   4508 S   0.3   0.1   0:00.21 sshd                                                                                   
   3402 root      20   0 1798320  78120   7204 S   0.3   1.0   0:12.12 beam.smp                                                                               
   4511 root      20   0  143864 122536   6356 S   0.3   1.5   0:00.46 neutron-server:                                                                        
   4518 root      20   0  143352 121300   5804 S   0.3   1.5   0:00.75 neutron-server:                                                                        
   4548 root      20   0  120280 101640   7112 S   0.3   1.2   0:01.48 python3                                                                                
   4549 root      20   0  120352 101512   7112 S   0.3   1.2   0:01.61 python3                                                                                
   4550 root      20   0  120360 101552   7112 S   0.3   1.2   0:01.56 python3                                                                                
   4551 root      20   0  120096 101276   7112 S   0.3   1.2   0:01.50 python3                                                                                
   4558 root      20   0  119524 100452   7016 S   0.3   1.2   0:00.77 python3                                                                                
   4559 root      20   0  119520 100488   7016 S   0.3   1.2   0:00.83 python3                                                                                
   4560 root      20   0  119652 100756   7016 S   0.3   1.2   0:00.83 python3                                                                                
   4561 root      20   0  119656 100876   7016 S   0.3   1.2   0:00.78 python3                                                                                
   4861 ubuntu    20   0   11124   3956   3168 R   0.3   0.0   0:00.07 top                                                                                    
      1 root      20   0  102076  11576   8392 S   0.0   0.1   0:01.67 systemd                                                                                
      2 root      20   0       0      0      0 S   0.0   0.0   0:00.00 kthreadd                                                                               
      3 root       0 -20       0      0      0 I   0.0   0.0   0:00.00 rcu_gp                                                                                 
      4 root       0 -20       0      0      0 I   0.0   0.0   0:00.00 rcu_par_gp                                                                             
      6 root       0 -20       0      0      0 I   0.0   0.0   0:00.00 kworker/0:0H-kblockd                                                                   
      9 root       0 -20       0      0      0 I   0.0   0.0   0:00.00 mm_percpu_wq                                                                           
     10 root      20   0       0      0      0 S   0.0   0.0   0:00.44 ksoftirqd/0                                                                            
     11 root      20   0       0      0      0 I   0.0   0.0   0:01.54 rcu_sched                                                                              
     12 root      rt   0       0      0      0 S   0.0   0.0   0:00.02 migration/0                                                                            
     13 root     -51   0       0      0      0 S   0.0   0.0   0:00.00 idle_inject/0                                                                          
     14 root      20   0       0      0      0 S   0.0   0.0   0:00.00 cpuhp/0                                                                                
ubuntu@controller:~$ openstack --version

Command 'openstack' not found, but can be installed with:

sudo apt install python3-openstackclient

ubuntu@controller:~$ microstack.openstack --version
openstack 5.2.0
ubuntu@controller:~$ microstack.openstack flavor list
+----+-----------+-------+------+-----------+-------+-----------+
| ID | Name      |   RAM | Disk | Ephemeral | VCPUs | Is Public |
+----+-----------+-------+------+-----------+-------+-----------+
| 1  | m1.tiny   |   512 |    1 |         0 |     1 | True      |
| 2  | m1.small  |  2048 |   20 |         0 |     1 | True      |
| 3  | m1.medium |  4096 |   20 |         0 |     2 | True      |
| 4  | m1.large  |  8192 |   20 |         0 |     4 | True      |
| 5  | m1.xlarge | 16384 |   20 |         0 |     8 | True      |
+----+-----------+-------+------+-----------+-------+-----------+
ubuntu@controller:~$ microstack.openstack image list
+--------------------------------------+--------+--------+
| ID                                   | Name   | Status |
+--------------------------------------+--------+--------+
| ea3f9b17-6ba1-417e-a0eb-e8c993c5171c | cirros | active |
+--------------------------------------+--------+--------+
ubuntu@controller:~$ microstack.openstack server list

ubuntu@controller:~$ microstack.openstack network list
+--------------------------------------+----------+--------------------------------------+
| ID                                   | Name     | Subnets                              |
+--------------------------------------+----------+--------------------------------------+
| 255294d5-292e-4df3-927f-270e91d1af0d | external | 71f37a4c-1571-4dd3-ab4d-43b01b6ebf94 |
| d205144f-485d-4792-9c3d-178ee0102515 | test     | 051873e8-cda2-499f-b873-0351aa35915a |
+--------------------------------------+----------+--------------------------------------+
ubuntu@controller:~$ microstack.openstack flavor show 5
+----------------------------+-----------+
| Field                      | Value     |
+----------------------------+-----------+
| OS-FLV-DISABLED:disabled   | False     |
| OS-FLV-EXT-DATA:ephemeral  | 0         |
| access_project_ids         | None      |
| disk                       | 20        |
| id                         | 5         |
| name                       | m1.xlarge |
| os-flavor-access:is_public | True      |
| properties                 |           |
| ram                        | 16384     |
| rxtx_factor                | 1.0       |
| swap                       |           |
| vcpus                      | 8         |
+----------------------------+-----------+
ubuntu@controller:~$ microstack.openstack flavor show 1
+----------------------------+---------+
| Field                      | Value   |
+----------------------------+---------+
| OS-FLV-DISABLED:disabled   | False   |
| OS-FLV-EXT-DATA:ephemeral  | 0       |
| access_project_ids         | None    |
| disk                       | 1       |
| id                         | 1       |
| name                       | m1.tiny |
| os-flavor-access:is_public | True    |
| properties                 |         |
| ram                        | 512     |
| rxtx_factor                | 1.0     |
| swap                       |         |
| vcpus                      | 1       |
+----------------------------+---------+
ubuntu@controller:~$ microstack.openstack image show  ea3f9b17-6ba1-417e-a0eb-e8c993c5171c
+------------------+-----------------------------------------------------------------------------------------------------------------------------------------------------------------------------------------------------------------------------------------------------------------------------------------------------------------------------------------------------------------------------------------------------------------------------------------------------------------------------+
| Field            | Value                                                                                                                                                                                                                                                                                                                                                                                                                                                                       |
+------------------+-----------------------------------------------------------------------------------------------------------------------------------------------------------------------------------------------------------------------------------------------------------------------------------------------------------------------------------------------------------------------------------------------------------------------------------------------------------------------------+
| checksum         | 443b7623e27ecf03dc9e01ee93f67afe                                                                                                                                                                                                                                                                                                                                                                                                                                            |
| container_format | bare                                                                                                                                                                                                                                                                                                                                                                                                                                                                        |
| created_at       | 2022-01-04T23:09:28Z                                                                                                                                                                                                                                                                                                                                                                                                                                                        |
| disk_format      | qcow2                                                                                                                                                                                                                                                                                                                                                                                                                                                                       |
| file             | /v2/images/ea3f9b17-6ba1-417e-a0eb-e8c993c5171c/file                                                                                                                                                                                                                                                                                                                                                                                                                        |
| id               | ea3f9b17-6ba1-417e-a0eb-e8c993c5171c                                                                                                                                                                                                                                                                                                                                                                                                                                        |
| min_disk         | 0                                                                                                                                                                                                                                                                                                                                                                                                                                                                           |
| min_ram          | 0                                                                                                                                                                                                                                                                                                                                                                                                                                                                           |
| name             | cirros                                                                                                                                                                                                                                                                                                                                                                                                                                                                      |
| owner            | fa76f3eb5fa046658ad8487ba72360ac                                                                                                                                                                                                                                                                                                                                                                                                                                            |
| properties       | os_hash_algo='sha512', os_hash_value='6513f21e44aa3da349f248188a44bc304a3653a04122d8fb4535423c8e1d14cd6a153f735bb0982e2161b5b5186106570c17a9e58b64dd39390617cd5a350f78', os_hidden='False', owner_specified.openstack.md5='443b7623e27ecf03dc9e01ee93f67afe', owner_specified.openstack.object='images/cirros', owner_specified.openstack.sha256='a8dd75ecffd4cdd96072d60c2237b448e0c8b2bc94d57f10fdbc8c481d9005b8', self='/v2/images/ea3f9b17-6ba1-417e-a0eb-e8c993c5171c' |
| protected        | False                                                                                                                                                                                                                                                                                                                                                                                                                                                                       |
| schema           | /v2/schemas/image                                                                                                                                                                                                                                                                                                                                                                                                                                                           |
| size             | 12716032                                                                                                                                                                                                                                                                                                                                                                                                                                                                    |
| status           | active                                                                                                                                                                                                                                                                                                                                                                                                                                                                      |
| tags             |                                                                                                                                                                                                                                                                                                                                                                                                                                                                             |
| updated_at       | 2022-01-04T23:09:29Z                                                                                                                                                                                                                                                                                                                                                                                                                                                        |
| visibility       | public                                                                                                                                                                                                                                                                                                                                                                                                                                                                      |
+------------------+-----------------------------------------------------------------------------------------------------------------------------------------------------------------------------------------------------------------------------------------------------------------------------------------------------------------------------------------------------------------------------------------------------------------------------------------------------------------------------+
ubuntu@controller:~$ microstack.openstack image create
usage: openstack image create [-h] [-f {json,shell,table,value,yaml}] [-c COLUMN] [--noindent] [--prefix PREFIX] [--max-width <integer>] [--fit-width]
                              [--print-empty] [--id <id>] [--container-format <container-format>] [--disk-format <disk-format>] [--min-disk <disk-gb>]
                              [--min-ram <ram-mb>] [--file <file> | --volume <volume>] [--force] [--sign-key-path <sign-key-path>]
                              [--sign-cert-id <sign-cert-id>] [--protected | --unprotected] [--public | --private | --community | --shared]
                              [--property <key=value>] [--tag <tag>] [--project <project>] [--project-domain <project-domain>]
                              <image-name>
openstack image create: error: the following arguments are required: <image-name>
ubuntu@controller:~$ microstack.openstack flavor create
usage: openstack flavor create [-h] [-f {json,shell,table,value,yaml}] [-c COLUMN] [--noindent] [--prefix PREFIX] [--max-width <integer>] [--fit-width]
                               [--print-empty] [--id <id>] [--ram <size-mb>] [--disk <size-gb>] [--ephemeral <size-gb>] [--swap <size-mb>] [--vcpus <vcpus>]
                               [--rxtx-factor <factor>] [--public | --private] [--property <key=value>] [--project <project>] [--description <description>]
                               [--project-domain <project-domain>]
                               <flavor-name>
openstack flavor create: error: the following arguments are required: <flavor-name>
ubuntu@controller:~$ microstack.openstack flavor delete
usage: openstack flavor delete [-h] <flavor> [<flavor> ...]
openstack flavor delete: error: the following arguments are required: <flavor>
ubuntu@controller:~$ microstack.openstack catalog list
+-----------+-----------+----------------------------------------------------------------------------+
| Name      | Type      | Endpoints                                                                  |
+-----------+-----------+----------------------------------------------------------------------------+
| placement | placement | microstack                                                                 |
|           |           |   internal: https://192.168.64.20:8778                                     |
|           |           | microstack                                                                 |
|           |           |   admin: https://192.168.64.20:8778                                        |
|           |           | microstack                                                                 |
|           |           |   public: https://192.168.64.20:8778                                       |
|           |           |                                                                            |
| cinderv3  | volumev3  | microstack                                                                 |
|           |           |   admin: https://192.168.64.20:8776/v3/fa76f3eb5fa046658ad8487ba72360ac    |
|           |           | microstack                                                                 |
|           |           |   internal: https://192.168.64.20:8776/v3/fa76f3eb5fa046658ad8487ba72360ac |
|           |           | microstack                                                                 |
|           |           |   public: https://192.168.64.20:8776/v3/fa76f3eb5fa046658ad8487ba72360ac   |
|           |           |                                                                            |
| cinderv2  | volumev2  | microstack                                                                 |
|           |           |   public: https://192.168.64.20:8776/v2/fa76f3eb5fa046658ad8487ba72360ac   |
|           |           | microstack                                                                 |
|           |           |   internal: https://192.168.64.20:8776/v2/fa76f3eb5fa046658ad8487ba72360ac |
|           |           | microstack                                                                 |
|           |           |   admin: https://192.168.64.20:8776/v2/fa76f3eb5fa046658ad8487ba72360ac    |
|           |           |                                                                            |
| glance    | image     | microstack                                                                 |
|           |           |   admin: https://192.168.64.20:9292                                        |
|           |           | microstack                                                                 |
|           |           |   public: https://192.168.64.20:9292                                       |
|           |           | microstack                                                                 |
|           |           |   internal: https://192.168.64.20:9292                                     |
|           |           |                                                                            |
| keystone  | identity  | microstack                                                                 |
|           |           |   public: https://192.168.64.20:5000/v3/                                   |
|           |           | microstack                                                                 |
|           |           |   admin: https://192.168.64.20:5000/v3/                                    |
|           |           | microstack                                                                 |
|           |           |   internal: https://192.168.64.20:5000/v3/                                 |
|           |           |                                                                            |
| nova      | compute   | microstack                                                                 |
|           |           |   internal: https://192.168.64.20:8774/v2.1                                |
|           |           | microstack                                                                 |
|           |           |   admin: https://192.168.64.20:8774/v2.1                                   |
|           |           | microstack                                                                 |
|           |           |   public: https://192.168.64.20:8774/v2.1                                  |
|           |           |                                                                            |
| neutron   | network   | microstack                                                                 |
|           |           |   internal: https://192.168.64.20:9696                                     |
|           |           | microstack                                                                 |
|           |           |   admin: https://192.168.64.20:9696                                        |
|           |           | microstack                                                                 |
|           |           |   public: https://192.168.64.20:9696                                       |
|           |           |                                                                            |
+-----------+-----------+----------------------------------------------------------------------------+
ubuntu@controller:~$ microstack.openstack falvor list
openstack: 'falvor list' is not an openstack command. See 'openstack --help'.
Did you mean one of these?
  flavor create
  flavor delete
  flavor list
  flavor set
  flavor show
  flavor unset
ubuntu@controller:~$ microstack.openstack flavor list
+--------------------------------------+-----------+-------+------+-----------+-------+-----------+
| ID                                   | Name      |   RAM | Disk | Ephemeral | VCPUs | Is Public |
+--------------------------------------+-----------+-------+------+-----------+-------+-----------+
| 1                                    | m1.tiny   |   512 |    1 |         0 |     1 | True      |
| 2                                    | m1.small  |  2048 |   20 |         0 |     1 | True      |
| 3                                    | m1.medium |  4096 |   20 |         0 |     2 | True      |
| 4                                    | m1.large  |  8192 |   20 |         0 |     4 | True      |
| 5                                    | m1.xlarge | 16384 |   20 |         0 |     8 | True      |
| 8a3a433e-5e23-4059-90b3-07e69e96145a | m1.core   |   512 |    1 |         0 |     1 | True      |
+--------------------------------------+-----------+-------+------+-----------+-------+-----------+
ubuntu@controller:~$ microstack.openstack flavor create
usage: openstack flavor create [-h] [-f {json,shell,table,value,yaml}] [-c COLUMN] [--noindent] [--prefix PREFIX] [--max-width <integer>] [--fit-width]
                               [--print-empty] [--id <id>] [--ram <size-mb>] [--disk <size-gb>] [--ephemeral <size-gb>] [--swap <size-mb>] [--vcpus <vcpus>]
                               [--rxtx-factor <factor>] [--public | --private] [--property <key=value>] [--project <project>] [--description <description>]
                               [--project-domain <project-domain>]
                               <flavor-name>
openstack flavor create: error: the following arguments are required: <flavor-name>
ubuntu@controller:~$ microstack.openstack flavor create --vcpus 1 --ram 512 --disk 1 m2.core
+----------------------------+--------------------------------------+
| Field                      | Value                                |
+----------------------------+--------------------------------------+
| OS-FLV-DISABLED:disabled   | False                                |
| OS-FLV-EXT-DATA:ephemeral  | 0                                    |
| disk                       | 1                                    |
| id                         | 7fa4967d-83cf-4079-b542-47db89ca119a |
| name                       | m2.core                              |
| os-flavor-access:is_public | True                                 |
| properties                 |                                      |
| ram                        | 512                                  |
| rxtx_factor                | 1.0                                  |
| swap                       |                                      |
| vcpus                      | 1                                    |
+----------------------------+--------------------------------------+
ubuntu@controller:~$ microstack.openstack flavor list
+--------------------------------------+-----------+-------+------+-----------+-------+-----------+
| ID                                   | Name      |   RAM | Disk | Ephemeral | VCPUs | Is Public |
+--------------------------------------+-----------+-------+------+-----------+-------+-----------+
| 1                                    | m1.tiny   |   512 |    1 |         0 |     1 | True      |
| 2                                    | m1.small  |  2048 |   20 |         0 |     1 | True      |
| 3                                    | m1.medium |  4096 |   20 |         0 |     2 | True      |
| 4                                    | m1.large  |  8192 |   20 |         0 |     4 | True      |
| 5                                    | m1.xlarge | 16384 |   20 |         0 |     8 | True      |
| 7fa4967d-83cf-4079-b542-47db89ca119a | m2.core   |   512 |    1 |         0 |     1 | True      |
| 8a3a433e-5e23-4059-90b3-07e69e96145a | m1.core   |   512 |    1 |         0 |     1 | True      |
+--------------------------------------+-----------+-------+------+-----------+-------+-----------+
ubuntu@controller:~$ pwd
/home/ubuntu
ubuntu@controller:~$ wget http://download.cirros-cloud.net/0.3.4/cirros-0.3.4-x86_64-disk.img
--2022-01-06 02:15:21--  http://download.cirros-cloud.net/0.3.4/cirros-0.3.4-x86_64-disk.img
Resolving download.cirros-cloud.net (download.cirros-cloud.net)... 64.90.42.85, 2607:f298:6:a036::bd6:a72a
Connecting to download.cirros-cloud.net (download.cirros-cloud.net)|64.90.42.85|:80... connected.
HTTP request sent, awaiting response... 302 Found
Location: https://github.com/cirros-dev/cirros/releases/download/0.3.4/cirros-0.3.4-x86_64-disk.img [following]
--2022-01-06 02:15:22--  https://github.com/cirros-dev/cirros/releases/download/0.3.4/cirros-0.3.4-x86_64-disk.img
Resolving github.com (github.com)... 13.234.176.102
Connecting to github.com (github.com)|13.234.176.102|:443... connected.
HTTP request sent, awaiting response... 302 Found
Location: https://objects.githubusercontent.com/github-production-release-asset-2e65be/219785102/e41baf80-4120-11ea-8591-3a2c8739c5a3?X-Amz-Algorithm=AWS4-HMAC-SHA256&X-Amz-Credential=AKIAIWNJYAX4CSVEH53A%2F20220105%2Fus-east-1%2Fs3%2Faws4_request&X-Amz-Date=20220105T221523Z&X-Amz-Expires=300&X-Amz-Signature=d82e46b5316ceeb759ed0c15c48c96e596dce13d583e57c713f630ec351e68ee&X-Amz-SignedHeaders=host&actor_id=0&key_id=0&repo_id=219785102&response-content-disposition=attachment%3B%20filename%3Dcirros-0.3.4-x86_64-disk.img&response-content-type=application%2Foctet-stream [following]
--2022-01-06 02:15:23--  https://objects.githubusercontent.com/github-production-release-asset-2e65be/219785102/e41baf80-4120-11ea-8591-3a2c8739c5a3?X-Amz-Algorithm=AWS4-HMAC-SHA256&X-Amz-Credential=AKIAIWNJYAX4CSVEH53A%2F20220105%2Fus-east-1%2Fs3%2Faws4_request&X-Amz-Date=20220105T221523Z&X-Amz-Expires=300&X-Amz-Signature=d82e46b5316ceeb759ed0c15c48c96e596dce13d583e57c713f630ec351e68ee&X-Amz-SignedHeaders=host&actor_id=0&key_id=0&repo_id=219785102&response-content-disposition=attachment%3B%20filename%3Dcirros-0.3.4-x86_64-disk.img&response-content-type=application%2Foctet-stream
Resolving objects.githubusercontent.com (objects.githubusercontent.com)... 185.199.109.133, 185.199.110.133, 185.199.111.133, ...
Connecting to objects.githubusercontent.com (objects.githubusercontent.com)|185.199.109.133|:443... connected.
HTTP request sent, awaiting response... 200 OK
Length: 13287936 (13M) [application/octet-stream]
Saving to: ‘cirros-0.3.4-x86_64-disk.img’

cirros-0.3.4-x86_64-disk.img            100%[==============================================================================>]  12.67M  5.89MB/s    in 2.2s    

2022-01-06 02:15:27 (5.89 MB/s) - ‘cirros-0.3.4-x86_64-disk.img’ saved [13287936/13287936]

ubuntu@controller:~$ ls -l
total 12984
-rw-rw-r-- 1 ubuntu ubuntu 13287936 Dec  7 11:53 cirros-0.3.4-x86_64-disk.img
drwxr-xr-x 3 ubuntu ubuntu     4096 Jan  5 03:26 snap
ubuntu@controller:~$ openstack image create --file cirros-0.3.4-x86_64-disk.img --disk-format qcow2 --public core-image-2

Command 'openstack' not found, but can be installed with:

sudo apt install python3-openstackclient

ubuntu@controller:~$ microstack.openstack image create --file cirros-0.3.4-x86_64-disk.img --disk-format qcow2 --public core-image-2
+------------------+-----------------------------------------------------------------------------------------------------------------------------------------------------------------------------------------------------------------------------------------------------------------------------------------------------------------------------------------------------------------------------------------------------------------------------------------------------------------------------------+
| Field            | Value                                                                                                                                                                                                                                                                                                                                                                                                                                                                             |
+------------------+-----------------------------------------------------------------------------------------------------------------------------------------------------------------------------------------------------------------------------------------------------------------------------------------------------------------------------------------------------------------------------------------------------------------------------------------------------------------------------------+
| checksum         | ee1eca47dc88f4879d8a229cc70a07c6                                                                                                                                                                                                                                                                                                                                                                                                                                                  |
| container_format | bare                                                                                                                                                                                                                                                                                                                                                                                                                                                                              |
| created_at       | 2022-01-05T22:19:26Z                                                                                                                                                                                                                                                                                                                                                                                                                                                              |
| disk_format      | qcow2                                                                                                                                                                                                                                                                                                                                                                                                                                                                             |
| file             | /v2/images/5e9d8ea9-d3f1-4ef9-abdc-aff143c232db/file                                                                                                                                                                                                                                                                                                                                                                                                                              |
| id               | 5e9d8ea9-d3f1-4ef9-abdc-aff143c232db                                                                                                                                                                                                                                                                                                                                                                                                                                              |
| min_disk         | 0                                                                                                                                                                                                                                                                                                                                                                                                                                                                                 |
| min_ram          | 0                                                                                                                                                                                                                                                                                                                                                                                                                                                                                 |
| name             | core-image-2                                                                                                                                                                                                                                                                                                                                                                                                                                                                      |
| owner            | fa76f3eb5fa046658ad8487ba72360ac                                                                                                                                                                                                                                                                                                                                                                                                                                                  |
| properties       | os_hash_algo='sha512', os_hash_value='1b03ca1bc3fafe448b90583c12f367949f8b0e665685979d95b004e48574b953316799e23240f4f739d1b5eb4c4ca24d38fdc6f4f9d8247a2bc64db25d6bbdb2', os_hidden='False', owner_specified.openstack.md5='ee1eca47dc88f4879d8a229cc70a07c6', owner_specified.openstack.object='images/core-image-2', owner_specified.openstack.sha256='34987d0d5702f8813f3ff9efe90e9e39e6926ec78658763580a79face67f3394', self='/v2/images/5e9d8ea9-d3f1-4ef9-abdc-aff143c232db' |
| protected        | False                                                                                                                                                                                                                                                                                                                                                                                                                                                                             |
| schema           | /v2/schemas/image                                                                                                                                                                                                                                                                                                                                                                                                                                                                 |
| size             | 13287936                                                                                                                                                                                                                                                                                                                                                                                                                                                                          |
| status           | active                                                                                                                                                                                                                                                                                                                                                                                                                                                                            |
| tags             |                                                                                                                                                                                                                                                                                                                                                                                                                                                                                   |
| updated_at       | 2022-01-05T22:19:27Z                                                                                                                                                                                                                                                                                                                                                                                                                                                              |
| visibility       | public                                                                                                                                                                                                                                                                                                                                                                                                                                                                            |
+------------------+-----------------------------------------------------------------------------------------------------------------------------------------------------------------------------------------------------------------------------------------------------------------------------------------------------------------------------------------------------------------------------------------------------------------------------------------------------------------------------------+
ubuntu@controller:~$ microstack.openstack image list
+--------------------------------------+--------------+--------+
| ID                                   | Name         | Status |
+--------------------------------------+--------------+--------+
| ea3f9b17-6ba1-417e-a0eb-e8c993c5171c | cirros       | active |
| 5e9d8ea9-d3f1-4ef9-abdc-aff143c232db | core-image-2 | active |
+--------------------------------------+--------------+--------+
ubuntu@controller:~$ openstack network create controlPlane

Command 'openstack' not found, but can be installed with:

sudo apt install python3-openstackclient

ubuntu@controller:~$ microstack.openstack network create controlPlane
+---------------------------+---------------------------------------------------------------------------------------------------------------------------------------------------------+
| Field                     | Value                                                                                                                                                   |
+---------------------------+---------------------------------------------------------------------------------------------------------------------------------------------------------+
| admin_state_up            | UP                                                                                                                                                      |
| availability_zone_hints   |                                                                                                                                                         |
| availability_zones        |                                                                                                                                                         |
| created_at                | 2022-01-05T22:21:24Z                                                                                                                                    |
| description               |                                                                                                                                                         |
| dns_domain                | None                                                                                                                                                    |
| id                        | 674c87c5-23ca-4277-824b-16c346d6a4e8                                                                                                                    |
| ipv4_address_scope        | None                                                                                                                                                    |
| ipv6_address_scope        | None                                                                                                                                                    |
| is_default                | False                                                                                                                                                   |
| is_vlan_transparent       | None                                                                                                                                                    |
| location                  | cloud='', project.domain_id=, project.domain_name='default', project.id='fa76f3eb5fa046658ad8487ba72360ac', project.name='admin', region_name='', zone= |
| mtu                       | 1442                                                                                                                                                    |
| name                      | controlPlane                                                                                                                                            |
| port_security_enabled     | True                                                                                                                                                    |
| project_id                | fa76f3eb5fa046658ad8487ba72360ac                                                                                                                        |
| provider:network_type     | geneve                                                                                                                                                  |
| provider:physical_network | None                                                                                                                                                    |
| provider:segmentation_id  | 13388                                                                                                                                                   |
| qos_policy_id             | None                                                                                                                                                    |
| revision_number           | 1                                                                                                                                                       |
| router:external           | Internal                                                                                                                                                |
| segments                  | None                                                                                                                                                    |
| shared                    | False                                                                                                                                                   |
| status                    | ACTIVE                                                                                                                                                  |
| subnets                   |                                                                                                                                                         |
| tags                      |                                                                                                                                                         |
| updated_at                | 2022-01-05T22:21:24Z                                                                                                                                    |
+---------------------------+---------------------------------------------------------------------------------------------------------------------------------------------------------+
ubuntu@controller:~$ microstack.openstack network list
+--------------------------------------+--------------+--------------------------------------+
| ID                                   | Name         | Subnets                              |
+--------------------------------------+--------------+--------------------------------------+
| 255294d5-292e-4df3-927f-270e91d1af0d | external     | 71f37a4c-1571-4dd3-ab4d-43b01b6ebf94 |
| 674c87c5-23ca-4277-824b-16c346d6a4e8 | controlPlane |                                      |
| d205144f-485d-4792-9c3d-178ee0102515 | test         | 051873e8-cda2-499f-b873-0351aa35915a |
+--------------------------------------+--------------+--------------------------------------+
ubuntu@controller:~$ microstack.openstack subnet create --subnet-range 10.2.2.0/24 --network controlPlane controlSunet
+----------------------+---------------------------------------------------------------------------------------------------------------------------------------------------------+
| Field                | Value                                                                                                                                                   |
+----------------------+---------------------------------------------------------------------------------------------------------------------------------------------------------+
| allocation_pools     | 10.2.2.2-10.2.2.254                                                                                                                                     |
| cidr                 | 10.2.2.0/24                                                                                                                                             |
| created_at           | 2022-01-05T22:24:59Z                                                                                                                                    |
| description          |                                                                                                                                                         |
| dns_nameservers      |                                                                                                                                                         |
| dns_publish_fixed_ip | None                                                                                                                                                    |
| enable_dhcp          | True                                                                                                                                                    |
| gateway_ip           | 10.2.2.1                                                                                                                                                |
| host_routes          |                                                                                                                                                         |
| id                   | e0fd1795-43c1-4909-8728-c9c2890a6b70                                                                                                                    |
| ip_version           | 4                                                                                                                                                       |
| ipv6_address_mode    | None                                                                                                                                                    |
| ipv6_ra_mode         | None                                                                                                                                                    |
| location             | cloud='', project.domain_id=, project.domain_name='default', project.id='fa76f3eb5fa046658ad8487ba72360ac', project.name='admin', region_name='', zone= |
| name                 | controlSunet                                                                                                                                            |
| network_id           | 674c87c5-23ca-4277-824b-16c346d6a4e8                                                                                                                    |
| prefix_length        | None                                                                                                                                                    |
| project_id           | fa76f3eb5fa046658ad8487ba72360ac                                                                                                                        |
| revision_number      | 0                                                                                                                                                       |
| segment_id           | None                                                                                                                                                    |
| service_types        |                                                                                                                                                         |
| subnetpool_id        | None                                                                                                                                                    |
| tags                 |                                                                                                                                                         |
| updated_at           | 2022-01-05T22:24:59Z                                                                                                                                    |
+----------------------+---------------------------------------------------------------------------------------------------------------------------------------------------------+
ubuntu@controller:~$ microstack.openstack subnet list
+--------------------------------------+-----------------+--------------------------------------+------------------+
| ID                                   | Name            | Network                              | Subnet           |
+--------------------------------------+-----------------+--------------------------------------+------------------+
| 051873e8-cda2-499f-b873-0351aa35915a | test-subnet     | d205144f-485d-4792-9c3d-178ee0102515 | 192.168.222.0/24 |
| 71f37a4c-1571-4dd3-ab4d-43b01b6ebf94 | external-subnet | 255294d5-292e-4df3-927f-270e91d1af0d | 10.20.20.0/24    |
| e0fd1795-43c1-4909-8728-c9c2890a6b70 | controlSunet    | 674c87c5-23ca-4277-824b-16c346d6a4e8 | 10.2.2.0/24      |
+--------------------------------------+-----------------+--------------------------------------+------------------+
ubuntu@controller:~$ microstack.openstack network create userPlane
+---------------------------+---------------------------------------------------------------------------------------------------------------------------------------------------------+
| Field                     | Value                                                                                                                                                   |
+---------------------------+---------------------------------------------------------------------------------------------------------------------------------------------------------+
| admin_state_up            | UP                                                                                                                                                      |
| availability_zone_hints   |                                                                                                                                                         |
| availability_zones        |                                                                                                                                                         |
| created_at                | 2022-01-05T22:28:50Z                                                                                                                                    |
| description               |                                                                                                                                                         |
| dns_domain                | None                                                                                                                                                    |
| id                        | 5591ae3c-f811-4c80-9690-6dfaf467514a                                                                                                                    |
| ipv4_address_scope        | None                                                                                                                                                    |
| ipv6_address_scope        | None                                                                                                                                                    |
| is_default                | False                                                                                                                                                   |
| is_vlan_transparent       | None                                                                                                                                                    |
| location                  | cloud='', project.domain_id=, project.domain_name='default', project.id='fa76f3eb5fa046658ad8487ba72360ac', project.name='admin', region_name='', zone= |
| mtu                       | 1442                                                                                                                                                    |
| name                      | userPlane                                                                                                                                               |
| port_security_enabled     | True                                                                                                                                                    |
| project_id                | fa76f3eb5fa046658ad8487ba72360ac                                                                                                                        |
| provider:network_type     | geneve                                                                                                                                                  |
| provider:physical_network | None                                                                                                                                                    |
| provider:segmentation_id  | 11379                                                                                                                                                   |
| qos_policy_id             | None                                                                                                                                                    |
| revision_number           | 1                                                                                                                                                       |
| router:external           | Internal                                                                                                                                                |
| segments                  | None                                                                                                                                                    |
| shared                    | False                                                                                                                                                   |
| status                    | ACTIVE                                                                                                                                                  |
| subnets                   |                                                                                                                                                         |
| tags                      |                                                                                                                                                         |
| updated_at                | 2022-01-05T22:28:50Z                                                                                                                                    |
+---------------------------+---------------------------------------------------------------------------------------------------------------------------------------------------------+
ubuntu@controller:~$ microstack.openstack network list
+--------------------------------------+--------------+--------------------------------------+
| ID                                   | Name         | Subnets                              |
+--------------------------------------+--------------+--------------------------------------+
| 255294d5-292e-4df3-927f-270e91d1af0d | external     | 71f37a4c-1571-4dd3-ab4d-43b01b6ebf94 |
| 5591ae3c-f811-4c80-9690-6dfaf467514a | userPlane    |                                      |
| 674c87c5-23ca-4277-824b-16c346d6a4e8 | controlPlane | e0fd1795-43c1-4909-8728-c9c2890a6b70 |
| d205144f-485d-4792-9c3d-178ee0102515 | test         | 051873e8-cda2-499f-b873-0351aa35915a |
+--------------------------------------+--------------+--------------------------------------+
ubuntu@controller:~$ microstack.openstack subnet create --subnet-range 10.1.1.0/24 --network userPlane userSunet
+----------------------+---------------------------------------------------------------------------------------------------------------------------------------------------------+
| Field                | Value                                                                                                                                                   |
+----------------------+---------------------------------------------------------------------------------------------------------------------------------------------------------+
| allocation_pools     | 10.1.1.2-10.1.1.254                                                                                                                                     |
| cidr                 | 10.1.1.0/24                                                                                                                                             |
| created_at           | 2022-01-05T22:30:07Z                                                                                                                                    |
| description          |                                                                                                                                                         |
| dns_nameservers      |                                                                                                                                                         |
| dns_publish_fixed_ip | None                                                                                                                                                    |
| enable_dhcp          | True                                                                                                                                                    |
| gateway_ip           | 10.1.1.1                                                                                                                                                |
| host_routes          |                                                                                                                                                         |
| id                   | b1df01a2-4f03-4a23-a298-b24d7e12c72f                                                                                                                    |
| ip_version           | 4                                                                                                                                                       |
| ipv6_address_mode    | None                                                                                                                                                    |
| ipv6_ra_mode         | None                                                                                                                                                    |
| location             | cloud='', project.domain_id=, project.domain_name='default', project.id='fa76f3eb5fa046658ad8487ba72360ac', project.name='admin', region_name='', zone= |
| name                 | userSunet                                                                                                                                               |
| network_id           | 5591ae3c-f811-4c80-9690-6dfaf467514a                                                                                                                    |
| prefix_length        | None                                                                                                                                                    |
| project_id           | fa76f3eb5fa046658ad8487ba72360ac                                                                                                                        |
| revision_number      | 0                                                                                                                                                       |
| segment_id           | None                                                                                                                                                    |
| service_types        |                                                                                                                                                         |
| subnetpool_id        | None                                                                                                                                                    |
| tags                 |                                                                                                                                                         |
| updated_at           | 2022-01-05T22:30:07Z                                                                                                                                    |
+----------------------+---------------------------------------------------------------------------------------------------------------------------------------------------------+
ubuntu@controller:~$ microstack.openstack security group create SigFW-2
+-----------------+---------------------------------------------------------------------------------------------------------------------------------------------------------+
| Field           | Value                                                                                                                                                   |
+-----------------+---------------------------------------------------------------------------------------------------------------------------------------------------------+
| created_at      | 2022-01-05T22:41:18Z                                                                                                                                    |
| description     | SigFW-2                                                                                                                                                 |
| id              | 19791c76-eef1-4991-ab70-0de309bc7f32                                                                                                                    |
| location        | cloud='', project.domain_id=, project.domain_name='default', project.id='fa76f3eb5fa046658ad8487ba72360ac', project.name='admin', region_name='', zone= |
| name            | SigFW-2                                                                                                                                                 |
| project_id      | fa76f3eb5fa046658ad8487ba72360ac                                                                                                                        |
| revision_number | 1                                                                                                                                                       |
| rules           | created_at='2022-01-05T22:41:19Z', direction='egress', ethertype='IPv6', id='5e063952-3103-4dce-af8f-8e341a320ae8', updated_at='2022-01-05T22:41:19Z'   |
|                 | created_at='2022-01-05T22:41:19Z', direction='egress', ethertype='IPv4', id='bb39f760-d919-41bd-b46e-7976d202ba56', updated_at='2022-01-05T22:41:19Z'   |
| stateful        | True                                                                                                                                                    |
| tags            | []                                                                                                                                                      |
| updated_at      | 2022-01-05T22:41:19Z                                                                                                                                    |
+-----------------+---------------------------------------------------------------------------------------------------------------------------------------------------------+
ubuntu@controller:~$ microstack.openstack security group rule create --protocol icmp SigFW-2
+-------------------+---------------------------------------------------------------------------------------------------------------------------------------------------------+
| Field             | Value                                                                                                                                                   |
+-------------------+---------------------------------------------------------------------------------------------------------------------------------------------------------+
| created_at        | 2022-01-05T22:42:02Z                                                                                                                                    |
| description       |                                                                                                                                                         |
| direction         | ingress                                                                                                                                                 |
| ether_type        | IPv4                                                                                                                                                    |
| id                | a7baa35b-fb39-4d23-9bd9-88f0e3b8608f                                                                                                                    |
| location          | cloud='', project.domain_id=, project.domain_name='default', project.id='fa76f3eb5fa046658ad8487ba72360ac', project.name='admin', region_name='', zone= |
| name              | None                                                                                                                                                    |
| port_range_max    | None                                                                                                                                                    |
| port_range_min    | None                                                                                                                                                    |
| project_id        | fa76f3eb5fa046658ad8487ba72360ac                                                                                                                        |
| protocol          | icmp                                                                                                                                                    |
| remote_group_id   | None                                                                                                                                                    |
| remote_ip_prefix  | 0.0.0.0/0                                                                                                                                               |
| revision_number   | 0                                                                                                                                                       |
| security_group_id | 19791c76-eef1-4991-ab70-0de309bc7f32                                                                                                                    |
| tags              | []                                                                                                                                                      |
| updated_at        | 2022-01-05T22:42:02Z                                                                                                                                    |
+-------------------+---------------------------------------------------------------------------------------------------------------------------------------------------------+
ubuntu@controller:~$ microstack.openstack security group rule create --protocol --dst-port 22 SigFW-2
usage: openstack security group rule create [-h] [-f {json,shell,table,value,yaml}] [-c COLUMN] [--noindent] [--prefix PREFIX] [--max-width <integer>]
                                            [--fit-width] [--print-empty] [--remote-ip <ip-address> | --remote-group <group>] [--dst-port <port-range>]
                                            [--protocol <protocol>] [--description <description>] [--icmp-type <icmp-type>] [--icmp-code <icmp-code>]
                                            [--ingress | --egress] [--ethertype <ethertype>] [--project <project>] [--project-domain <project-domain>]
                                            <group>
openstack security group rule create: error: argument --protocol: expected one argument
ubuntu@controller:~$ microstack.openstack security group rule create --protocol tcp --dst-port 22 SigFW-2
+-------------------+---------------------------------------------------------------------------------------------------------------------------------------------------------+
| Field             | Value                                                                                                                                                   |
+-------------------+---------------------------------------------------------------------------------------------------------------------------------------------------------+
| created_at        | 2022-01-05T22:43:50Z                                                                                                                                    |
| description       |                                                                                                                                                         |
| direction         | ingress                                                                                                                                                 |
| ether_type        | IPv4                                                                                                                                                    |
| id                | aa26e7a3-7b3d-4aa0-ba8f-5d3ac98d7491                                                                                                                    |
| location          | cloud='', project.domain_id=, project.domain_name='default', project.id='fa76f3eb5fa046658ad8487ba72360ac', project.name='admin', region_name='', zone= |
| name              | None                                                                                                                                                    |
| port_range_max    | 22                                                                                                                                                      |
| port_range_min    | 22                                                                                                                                                      |
| project_id        | fa76f3eb5fa046658ad8487ba72360ac                                                                                                                        |
| protocol          | tcp                                                                                                                                                     |
| remote_group_id   | None                                                                                                                                                    |
| remote_ip_prefix  | 0.0.0.0/0                                                                                                                                               |
| revision_number   | 0                                                                                                                                                       |
| security_group_id | 19791c76-eef1-4991-ab70-0de309bc7f32                                                                                                                    |
| tags              | []                                                                                                                                                      |
| updated_at        | 2022-01-05T22:43:50Z                                                                                                                                    |
+-------------------+---------------------------------------------------------------------------------------------------------------------------------------------------------+
ubuntu@controller:~$ microstack.openstack security group list
+--------------------------------------+---------+------------------------+----------------------------------+------+
| ID                                   | Name    | Description            | Project                          | Tags |
+--------------------------------------+---------+------------------------+----------------------------------+------+
| 1970c120-9064-4fd6-ae64-f6840c88ade0 | default | Default security group | 9abf4a92628f4897895a240c471f363d | []   |
| 19791c76-eef1-4991-ab70-0de309bc7f32 | SigFW-2 | SigFW-2                | fa76f3eb5fa046658ad8487ba72360ac | []   |
| bd48ae70-631d-4151-89e3-e4d3260d2d11 | SigFW   |                        | fa76f3eb5fa046658ad8487ba72360ac | []   |
| ff2a0ab2-d57b-424e-b5a6-19a6fff5dd39 | default | Default security group | fa76f3eb5fa046658ad8487ba72360ac | []   |
+--------------------------------------+---------+------------------------+----------------------------------+------+
ubuntu@controller:~$ microstack.openstack flavor list
+--------------------------------------+-----------+-------+------+-----------+-------+-----------+
| ID                                   | Name      |   RAM | Disk | Ephemeral | VCPUs | Is Public |
+--------------------------------------+-----------+-------+------+-----------+-------+-----------+
| 1                                    | m1.tiny   |   512 |    1 |         0 |     1 | True      |
| 2                                    | m1.small  |  2048 |   20 |         0 |     1 | True      |
| 3                                    | m1.medium |  4096 |   20 |         0 |     2 | True      |
| 4                                    | m1.large  |  8192 |   20 |         0 |     4 | True      |
| 5                                    | m1.xlarge | 16384 |   20 |         0 |     8 | True      |
| 7fa4967d-83cf-4079-b542-47db89ca119a | m2.core   |   512 |    1 |         0 |     1 | True      |
| 8a3a433e-5e23-4059-90b3-07e69e96145a | m1.core   |   512 |    1 |         0 |     1 | True      |
+--------------------------------------+-----------+-------+------+-----------+-------+-----------+
ubuntu@controller:~$ microstack.openstack image list
+--------------------------------------+--------------+--------+
| ID                                   | Name         | Status |
+--------------------------------------+--------------+--------+
| ea3f9b17-6ba1-417e-a0eb-e8c993c5171c | cirros       | active |
| 5e9d8ea9-d3f1-4ef9-abdc-aff143c232db | core-image-2 | active |
+--------------------------------------+--------------+--------+
ubuntu@controller:~$ microstack.openstack network list
+--------------------------------------+--------------+--------------------------------------+
| ID                                   | Name         | Subnets                              |
+--------------------------------------+--------------+--------------------------------------+
| 255294d5-292e-4df3-927f-270e91d1af0d | external     | 71f37a4c-1571-4dd3-ab4d-43b01b6ebf94 |
| 5591ae3c-f811-4c80-9690-6dfaf467514a | userPlane    | b1df01a2-4f03-4a23-a298-b24d7e12c72f |
| 674c87c5-23ca-4277-824b-16c346d6a4e8 | controlPlane | e0fd1795-43c1-4909-8728-c9c2890a6b70 |
| d205144f-485d-4792-9c3d-178ee0102515 | test         | 051873e8-cda2-499f-b873-0351aa35915a |
+--------------------------------------+--------------+--------------------------------------+
ubuntu@controller:~$ openstack server create --image core-image-2  --flavor m2.core --network userPlane --security-group SigFW-2 VNF-2

Command 'openstack' not found, but can be installed with:

sudo apt install python3-openstackclient

ubuntu@controller:~$ microstack.openstack server create --image core-image-2  --flavor m2.core --network userPlane --security-group SigFW-2 VNF-2
+-------------------------------------+-----------------------------------------------------+
| Field                               | Value                                               |
+-------------------------------------+-----------------------------------------------------+
| OS-DCF:diskConfig                   | MANUAL                                              |
| OS-EXT-AZ:availability_zone         |                                                     |
| OS-EXT-SRV-ATTR:host                | None                                                |
| OS-EXT-SRV-ATTR:hypervisor_hostname | None                                                |
| OS-EXT-SRV-ATTR:instance_name       |                                                     |
| OS-EXT-STS:power_state              | NOSTATE                                             |
| OS-EXT-STS:task_state               | scheduling                                          |
| OS-EXT-STS:vm_state                 | building                                            |
| OS-SRV-USG:launched_at              | None                                                |
| OS-SRV-USG:terminated_at            | None                                                |
| accessIPv4                          |                                                     |
| accessIPv6                          |                                                     |
| addresses                           |                                                     |
| adminPass                           | xMuQ7GyZ4v5A                                        |
| config_drive                        |                                                     |
| created                             | 2022-01-05T22:57:38Z                                |
| flavor                              | m2.core (7fa4967d-83cf-4079-b542-47db89ca119a)      |
| hostId                              |                                                     |
| id                                  | 51df0da9-5532-4c38-b068-82a50803558a                |
| image                               | core-image-2 (5e9d8ea9-d3f1-4ef9-abdc-aff143c232db) |
| key_name                            | None                                                |
| name                                | VNF-2                                               |
| progress                            | 0                                                   |
| project_id                          | fa76f3eb5fa046658ad8487ba72360ac                    |
| properties                          |                                                     |
| security_groups                     | name='19791c76-eef1-4991-ab70-0de309bc7f32'         |
| status                              | BUILD                                               |
| updated                             | 2022-01-05T22:57:38Z                                |
| user_id                             | 47b20d92d00542b6af71a8ac3e35f039                    |
| volumes_attached                    |                                                     |
+-------------------------------------+-----------------------------------------------------+
ubuntu@controller:~$ microstack.openstack server list
+--------------------------------------+-------+--------+------------------------+--------------+---------+
| ID                                   | Name  | Status | Networks               | Image        | Flavor  |
+--------------------------------------+-------+--------+------------------------+--------------+---------+
| 51df0da9-5532-4c38-b068-82a50803558a | VNF-2 | ACTIVE | userPlane=10.1.1.199   | core-image-2 | m2.core |
| ecd1697a-2a35-4f04-9126-24516130a251 | VNF-1 | ACTIVE | controlPlane=10.2.2.86 | cirros       | m1.core |
+--------------------------------------+-------+--------+------------------------+--------------+---------+
ubuntu@controller:~$ microstack.openstack volume create --size 1 test-volume-2
+---------------------+--------------------------------------+
| Field               | Value                                |
+---------------------+--------------------------------------+
| attachments         | []                                   |
| availability_zone   | nova                                 |
| bootable            | false                                |
| consistencygroup_id | None                                 |
| created_at          | 2022-01-05T23:11:13.000000           |
| description         | None                                 |
| encrypted           | False                                |
| id                  | 39195eaf-b11f-4b2d-b210-1c23c660a1cc |
| migration_status    | None                                 |
| multiattach         | False                                |
| name                | test-volume-2                        |
| properties          |                                      |
| replication_status  | None                                 |
| size                | 1                                    |
| snapshot_id         | None                                 |
| source_volid        | None                                 |
| status              | creating                             |
| type                | __DEFAULT__                          |
| updated_at          | None                                 |
| user_id             | 47b20d92d00542b6af71a8ac3e35f039     |
+---------------------+--------------------------------------+
ubuntu@controller:~$ microstack.openstack volume list
+--------------------------------------+---------------+--------+------+-------------+
| ID                                   | Name          | Status | Size | Attached to |
+--------------------------------------+---------------+--------+------+-------------+
| 39195eaf-b11f-4b2d-b210-1c23c660a1cc | test-volume-2 | error  |    1 |             |
| 3201c3fc-d063-4224-81d5-418942fb7943 | VNF-1-VOL     | error  |    1 |             |
+--------------------------------------+---------------+--------+------+-------------+
ubuntu@controller:~$ microstack.openstack server list
+--------------------------------------+-------+--------+------------------------+--------------+---------+
| ID                                   | Name  | Status | Networks               | Image        | Flavor  |
+--------------------------------------+-------+--------+------------------------+--------------+---------+
| 51df0da9-5532-4c38-b068-82a50803558a | VNF-2 | ACTIVE | userPlane=10.1.1.199   | core-image-2 | m2.core |
| ecd1697a-2a35-4f04-9126-24516130a251 | VNF-1 | ACTIVE | controlPlane=10.2.2.86 | cirros       | m1.core |
+--------------------------------------+-------+--------+------------------------+--------------+---------+
ubuntu@controller:~$ microstack.openstack server add volume ecd1697a-2a35-4f04-9126-24516130a251 39195eaf-b11f-4b2d-b210-1c23c660a1cc
Invalid input received: Invalid volume: Volume attachments can not be created if the volume is in an error state. The Volume 39195eaf-b11f-4b2d-b210-1c23c660a1cc currently has a status of: error  (HTTP 400) (Request-ID: req-7c948bdf-9805-4429-ab52-f07a8d13b3fa) (HTTP 400) (Request-ID: req-1928115f-478a-4c56-9f49-350882fcadc0)
ubuntu@controller:~$ nova list --all --fields host,name,instance_name

Command 'nova' not found, but can be installed with:

sudo apt install python3-novaclient

ubuntu@controller:~$ microstack.nova list --all --fields host,name,instance_name
microstack.nova: command not found
ubuntu@controller:~$ microstack.openstack nova list --all --fields host,name,instance_name
openstack: 'nova list --all --fields host,name,instance_name' is not an openstack command. See 'openstack --help'.
Did you mean one of these?
  quota list
  quota set
  quota show
ubuntu@controller:~$ virsh list

Command 'virsh' not found, but can be installed with:

sudo apt install libvirt-clients

ubuntu@controller:~$ ovs-vsctl show

Command 'ovs-vsctl' not found, but can be installed with:

sudo apt install openvswitch-switch

ubuntu@controller:~$ nova

Command 'nova' not found, but can be installed with:

sudo apt install python3-novaclient

ubuntu@controller:~$ microstack nova
usage: microstack <command> [<args>]

Available commands:
   init         initialize a MicroStack node
   add-compute  generate a connection string for a node to join the cluster
   launch       launch a virtual machine

microstack

positional arguments:
  command     A subcommand to run: {init, launch, add-compute}

optional arguments:
  -h, --help  show this help message and exit
Traceback (most recent call last):
  File "/snap/microstack/242/bin/microstack", line 11, in <module>
    load_entry_point('microstack==0.0.1', 'console_scripts', 'microstack')()
  File "/snap/microstack/242/lib/python3.8/site-packages/microstack/main.py", line 37, in main
    raise Exception('Unrecognized command')
Exception: Unrecognized command
ubuntu@controller:~$ microstack.openstack nova
openstack: 'nova' is not an openstack command. See 'openstack --help'.
Did you mean one of these?
  quota list
  quota set
  quota show
ubuntu@controller:~$ 
ubuntu@controller:~$ 
ubuntu@controller:~$ mysql -u root -p

Command 'mysql' not found, but can be installed with:

sudo apt install mysql-client-core-8.0     # version 8.0.27-0ubuntu0.20.04.1, or
sudo apt install mariadb-client-core-10.3  # version 1:10.3.31-0ubuntu0.20.04.1

ubuntu@controller:~$ sudo mysql -u root -p
sudo: mysql: command not found
ubuntu@controller:~$ history
    1  sudo snap install microstack --devmode --beta
    2  snap list microstack
    3  sudo microstack init --auto --control
    4  sudo microstack add-compute
    5  microstack.openstack image list
    6  microstack.openstack flavor list
    7  microstack.openstack hypervisor list
    8  microstack launch cirros --name test --availability-zone nova:pmatulis-ss-mstack-2.project.serverstack
    9  sudo snap get microstack config.credentials.keystone-password
   10  microstack.openstack hypervisor list
   11  microstack launch cirros --name test --availability-zone nova:compute
   12  sudo snap get microstack config.credentials.keystone-password
   13  ssh -i /home/ubuntu/snap/microstack/common/.ssh/id_microstack cirros@10.20.20.23
   14  curl https://10.20.20.1
   15  curl https://10.20.20.1:443
   16  microstack.openstack hypervisor list
   17  microstack launch cirros --name test2 --availability-zone nova:controller
   18  ssh -i /home/ubuntu/snap/microstack/common/.ssh/id_microstack cirros@10.20.20.22
   19  microstack.openstack network list
   20  microstack.openstack security group rule list
   21  ping 192.168.64.21
   22  ping 192.168.64.20
   23  microstack.launch cirros --name awesome
   24  ssh -i /home/ubuntu/snap/microstack/common/.ssh/id_microstack cirros@10.20.20.104
   25  systemctl status sshd
   26  systemctl restart sshd
   27  sudo systemctl restart sshd
   28  systemctl status sshd
   29  ssh -i /home/ubuntu/snap/microstack/common/.ssh/id_microstack cirros@10.20.20.104
   30  sudo snap get microstack config.credentials.keystone-password
   31  systemctl status sshd
   32  curl https://10.20.20.1
   33  curl http://10.20.20.1
   34  curl http://10.20.20.1:443
   35  microstack.openstack catalog list
   36  sudo snap get microstack config.credentials.keystone-password
   37  systemctl | grep -i active | grep -i openstack | wc -l
   38  systemctl | grep -i active | grep -i microstack | wc -l
   39  systemctl | grep -i active | grep -i microstack 
   40  openstack --version
   41  microstack --version
   42  microstack.openstack --version
   43  exit
   44  systemctl | grep -i active | grep -i microstack | wc -l
   45  systemctl | grep -i active | grep -i microstack
   46  sudo shutdown
   47  pwd
   48  ls -la
   49  ls -la .ssh/
   50  microstack flavor list
   51  history
   52  microstack.openstack flavor list
   53  systemctl | grep -i active | grep -i microstack | wc -l
   54  systemctl | grep -i inactive | grep -i microstack | wc -l
   55  systemctl | grep -i inactive | grep -i microstack 
   56  systemctl | grep -i active | grep -i microstack 
   57  microstack.openstack catalog list
   58  reboot
   59  sudo reboot
   60  microstack.openstack catalog list
   61  sudo systemctl status sshd
   62  systemctl | grep -i inactive
   63  systemctl | grep -i inactive | wc -l
   64  systemctl | grep -i inactive
   65  systemctl | grep -i active | grep -i microstack | wc -l
   66  systemctl | grep -i inactive | grep -i microstack | wc -l
   67  systemctl | grep -i inactive | wc -l
   68  systemctl | grep -i inactive 
   69  systemctl | grep -i Active: 
   70  systemctl | grep -i "Active:" 
   71  systemctl | grep -e "Active:" 
   72  systemctl | grep -v "Active:" 
   73  microstack.openstack catalog list
   74  microstack.openstack falovor list
   75  microstack.openstack falvor list
   76  microstack.openstack flavor list
   77  lscpu
   78  free -g
   79  df -k
   80  top
   81  openstack --version
   82  microstack.openstack --version
   83  microstack.openstack flavor list
   84  microstack.openstack image list
   85  microstack.openstack server list
   86  microstack.openstack network list
   87  microstack.openstack flavor show 5
   88  microstack.openstack flavor show 1
   89  microstack.openstack image show  ea3f9b17-6ba1-417e-a0eb-e8c993c5171c
   90  microstack.openstack image create
   91  microstack.openstack flavor create
   92  microstack.openstack flavor delete
   93  microstack.openstack catalog list
   94  microstack.openstack falvor list
   95  microstack.openstack flavor list
   96  microstack.openstack flavor create
   97  microstack.openstack flavor create --vcpus 1 --ram 512 --disk 1 m2.core
   98  microstack.openstack flavor list
   99  pwd
  100  wget http://download.cirros-cloud.net/0.3.4/cirros-0.3.4-x86_64-disk.img
  101  ls -l
  102  openstack image create --file cirros-0.3.4-x86_64-disk.img --disk-format qcow2 --public core-image-2
  103  microstack.openstack image create --file cirros-0.3.4-x86_64-disk.img --disk-format qcow2 --public core-image-2
  104  microstack.openstack image list
  105  openstack network create controlPlane
  106  microstack.openstack network create controlPlane
  107  microstack.openstack network list
  108  microstack.openstack subnet create --subnet-range 10.2.2.0/24 --network controlPlane controlSunet
  109  microstack.openstack subnet list
  110  microstack.openstack network create userPlane
  111  microstack.openstack network list
  112  microstack.openstack subnet create --subnet-range 10.1.1.0/24 --network userPlane userSunet
  113  microstack.openstack security group create SigFW-2
  114  microstack.openstack security group rule create --protocol icmp SigFW-2
  115  microstack.openstack security group rule create --protocol --dst-port 22 SigFW-2
  116  microstack.openstack security group rule create --protocol tcp --dst-port 22 SigFW-2
  117  microstack.openstack security group list
  118  microstack.openstack flavor list
  119  microstack.openstack image list
  120  microstack.openstack network list
  121  openstack server create --image core-image-2  --flavor m2.core --network userPlane --security-group SigFW-2 VNF-2
  122  microstack.openstack server create --image core-image-2  --flavor m2.core --network userPlane --security-group SigFW-2 VNF-2
  123  microstack.openstack server list
  124  microstack.openstack volume create --size 1 test-volume-2
  125  microstack.openstack volume list
  126  microstack.openstack server list
  127  microstack.openstack server add volume ecd1697a-2a35-4f04-9126-24516130a251 39195eaf-b11f-4b2d-b210-1c23c660a1cc
  128  nova list --all --fields host,name,instance_name
  129  microstack.nova list --all --fields host,name,instance_name
  130  microstack.openstack nova list --all --fields host,name,instance_name
  131  virsh list
  132  ovs-vsctl show
  133  nova
  134  microstack nova
  135  microstack.openstack nova
  136  mysql -u root -p
  137  sudo mysql -u root -p
  138  history
ubuntu@controller:~$ microstack.openstack server create --image core-image-2  --flavor m2.core --network userPlane --security-group SigFW-2 VNF-2
+-------------------------------------+-----------------------------------------------------+
| Field                               | Value                                               |
+-------------------------------------+-----------------------------------------------------+
| OS-DCF:diskConfig                   | MANUAL                                              |
| OS-EXT-AZ:availability_zone         |                                                     |
| OS-EXT-SRV-ATTR:host                | None                                                |
| OS-EXT-SRV-ATTR:hypervisor_hostname | None                                                |
| OS-EXT-SRV-ATTR:instance_name       |                                                     |
| OS-EXT-STS:power_state              | NOSTATE                                             |
| OS-EXT-STS:task_state               | scheduling                                          |
| OS-EXT-STS:vm_state                 | building                                            |
| OS-SRV-USG:launched_at              | None                                                |
| OS-SRV-USG:terminated_at            | None                                                |
| accessIPv4                          |                                                     |
| accessIPv6                          |                                                     |
| addresses                           |                                                     |
| adminPass                           | 4TLkikqxLkhy                                        |
| config_drive                        |                                                     |
| created                             | 2022-01-06T00:26:07Z                                |
| flavor                              | m2.core (7fa4967d-83cf-4079-b542-47db89ca119a)      |
| hostId                              |                                                     |
| id                                  | 7d3e503d-f9b9-440c-82e8-f0d897edf24b                |
| image                               | core-image-2 (5e9d8ea9-d3f1-4ef9-abdc-aff143c232db) |
| key_name                            | None                                                |
| name                                | VNF-2                                               |
| progress                            | 0                                                   |
| project_id                          | fa76f3eb5fa046658ad8487ba72360ac                    |
| properties                          |                                                     |
| security_groups                     | name='19791c76-eef1-4991-ab70-0de309bc7f32'         |
| status                              | BUILD                                               |
| updated                             | 2022-01-06T00:26:08Z                                |
| user_id                             | 47b20d92d00542b6af71a8ac3e35f039                    |
| volumes_attached                    |                                                     |
+-------------------------------------+-----------------------------------------------------+
ubuntu@controller:~$ microstack.openstack server create --image cirros-0.3.4-x86_64-disk.img  --flavor m1.core --network ControlPlane --security-group SigFW VNF-1
No Image found for cirros-0.3.4-x86_64-disk.img
ubuntu@controller:~$ microstack.openstack  image list
+--------------------------------------+--------------+--------+
| ID                                   | Name         | Status |
+--------------------------------------+--------------+--------+
| ea3f9b17-6ba1-417e-a0eb-e8c993c5171c | cirros       | active |
| 5e9d8ea9-d3f1-4ef9-abdc-aff143c232db | core-image-2 | active |
+--------------------------------------+--------------+--------+
ubuntu@controller:~$ microstack.openstack server create --image cirros  --flavor m1.core --network ControlPlane --security-group SigFW VNF-1
No Network found for ControlPlane
ubuntu@controller:~$ microstack.openstack  network list
+--------------------------------------+--------------+--------------------------------------+
| ID                                   | Name         | Subnets                              |
+--------------------------------------+--------------+--------------------------------------+
| 255294d5-292e-4df3-927f-270e91d1af0d | external     | 71f37a4c-1571-4dd3-ab4d-43b01b6ebf94 |
| 5591ae3c-f811-4c80-9690-6dfaf467514a | userPlane    | b1df01a2-4f03-4a23-a298-b24d7e12c72f |
| 674c87c5-23ca-4277-824b-16c346d6a4e8 | controlPlane | e0fd1795-43c1-4909-8728-c9c2890a6b70 |
| d205144f-485d-4792-9c3d-178ee0102515 | test         | 051873e8-cda2-499f-b873-0351aa35915a |
+--------------------------------------+--------------+--------------------------------------+
ubuntu@controller:~$ microstack.openstack server create --image cirros  --flavor m1.core --network controlPlane --security-group SigFW VNF-1
+-------------------------------------+------------------------------------------------+
| Field                               | Value                                          |
+-------------------------------------+------------------------------------------------+
| OS-DCF:diskConfig                   | MANUAL                                         |
| OS-EXT-AZ:availability_zone         |                                                |
| OS-EXT-SRV-ATTR:host                | None                                           |
| OS-EXT-SRV-ATTR:hypervisor_hostname | None                                           |
| OS-EXT-SRV-ATTR:instance_name       |                                                |
| OS-EXT-STS:power_state              | NOSTATE                                        |
| OS-EXT-STS:task_state               | scheduling                                     |
| OS-EXT-STS:vm_state                 | building                                       |
| OS-SRV-USG:launched_at              | None                                           |
| OS-SRV-USG:terminated_at            | None                                           |
| accessIPv4                          |                                                |
| accessIPv6                          |                                                |
| addresses                           |                                                |
| adminPass                           | 26qm3cxSrLgj                                   |
| config_drive                        |                                                |
| created                             | 2022-01-06T00:37:42Z                           |
| flavor                              | m1.core (8a3a433e-5e23-4059-90b3-07e69e96145a) |
| hostId                              |                                                |
| id                                  | 08a92e90-fded-4b74-b61d-df046c4e3913           |
| image                               | cirros (ea3f9b17-6ba1-417e-a0eb-e8c993c5171c)  |
| key_name                            | None                                           |
| name                                | VNF-1                                          |
| progress                            | 0                                              |
| project_id                          | fa76f3eb5fa046658ad8487ba72360ac               |
| properties                          |                                                |
| security_groups                     | name='bd48ae70-631d-4151-89e3-e4d3260d2d11'    |
| status                              | BUILD                                          |
| updated                             | 2022-01-06T00:37:42Z                           |
| user_id                             | 47b20d92d00542b6af71a8ac3e35f039               |
| volumes_attached                    |                                                |
+-------------------------------------+------------------------------------------------+
ubuntu@controller:~$ microstack.openstack server create --image cirros  --flavor m1.core --network controlPlane --security-group SigFW VNF-3
+-------------------------------------+------------------------------------------------+
| Field                               | Value                                          |
+-------------------------------------+------------------------------------------------+
| OS-DCF:diskConfig                   | MANUAL                                         |
| OS-EXT-AZ:availability_zone         |                                                |
| OS-EXT-SRV-ATTR:host                | None                                           |
| OS-EXT-SRV-ATTR:hypervisor_hostname | None                                           |
| OS-EXT-SRV-ATTR:instance_name       |                                                |
| OS-EXT-STS:power_state              | NOSTATE                                        |
| OS-EXT-STS:task_state               | scheduling                                     |
| OS-EXT-STS:vm_state                 | building                                       |
| OS-SRV-USG:launched_at              | None                                           |
| OS-SRV-USG:terminated_at            | None                                           |
| accessIPv4                          |                                                |
| accessIPv6                          |                                                |
| addresses                           |                                                |
| adminPass                           | guwr7E6nB93E                                   |
| config_drive                        |                                                |
| created                             | 2022-01-06T00:40:55Z                           |
| flavor                              | m1.core (8a3a433e-5e23-4059-90b3-07e69e96145a) |
| hostId                              |                                                |
| id                                  | 7ae4c17a-f96c-4797-a5cd-77831f8d9560           |
| image                               | cirros (ea3f9b17-6ba1-417e-a0eb-e8c993c5171c)  |
| key_name                            | None                                           |
| name                                | VNF-3                                          |
| progress                            | 0                                              |
| project_id                          | fa76f3eb5fa046658ad8487ba72360ac               |
| properties                          |                                                |
| security_groups                     | name='bd48ae70-631d-4151-89e3-e4d3260d2d11'    |
| status                              | BUILD                                          |
| updated                             | 2022-01-06T00:40:56Z                           |
| user_id                             | 47b20d92d00542b6af71a8ac3e35f039               |
| volumes_attached                    |                                                |
+-------------------------------------+------------------------------------------------+
ubuntu@controller:~$ microstack.openstack  server list
+--------------------------------------+-------+--------+-------------------------+--------------+---------+
| ID                                   | Name  | Status | Networks                | Image        | Flavor  |
+--------------------------------------+-------+--------+-------------------------+--------------+---------+
| 7ae4c17a-f96c-4797-a5cd-77831f8d9560 | VNF-3 | BUILD  |                         | cirros       | m1.core |
| 08a92e90-fded-4b74-b61d-df046c4e3913 | VNF-1 | ACTIVE | controlPlane=10.2.2.177 | cirros       | m1.core |
| 7d3e503d-f9b9-440c-82e8-f0d897edf24b | VNF-2 | ACTIVE | userPlane=10.1.1.109    | core-image-2 | m2.core |
+--------------------------------------+-------+--------+-------------------------+--------------+---------+
ubuntu@controller:~$ microstack.openstack  server  list
+--------------------------------------+-------+--------+-------------------------+--------------+---------+
| ID                                   | Name  | Status | Networks                | Image        | Flavor  |
+--------------------------------------+-------+--------+-------------------------+--------------+---------+
| 7ae4c17a-f96c-4797-a5cd-77831f8d9560 | VNF-3 | BUILD  |                         | cirros       | m1.core |
| 08a92e90-fded-4b74-b61d-df046c4e3913 | VNF-1 | ACTIVE | controlPlane=10.2.2.177 | cirros       | m1.core |
| 7d3e503d-f9b9-440c-82e8-f0d897edf24b | VNF-2 | ACTIVE | userPlane=10.1.1.109    | core-image-2 | m2.core |
+--------------------------------------+-------+--------+-------------------------+--------------+---------+
ubuntu@controller:~$ microstack.openstack  server  delete VNF-3
ubuntu@controller:~$ microstack.openstack  server  list
+--------------------------------------+-------+--------+-------------------------+--------------+---------+
| ID                                   | Name  | Status | Networks                | Image        | Flavor  |
+--------------------------------------+-------+--------+-------------------------+--------------+---------+
| 08a92e90-fded-4b74-b61d-df046c4e3913 | VNF-1 | ACTIVE | controlPlane=10.2.2.177 | cirros       | m1.core |
| 7d3e503d-f9b9-440c-82e8-f0d897edf24b | VNF-2 | ACTIVE | userPlane=10.1.1.109    | core-image-2 | m2.core |
+--------------------------------------+-------+--------+-------------------------+--------------+---------+
ubuntu@controller:~$ microstack.openstack server migrate --live
usage: openstack server migrate [-h] [--live-migration] [--live <hostname> | --host <hostname>] [--shared-migration | --block-migration]
                                [--disk-overcommit | --no-disk-overcommit] [--wait]
                                <server>
openstack server migrate: error: argument --live: expected one argument
ubuntu@controller:~$ microstack.openstack server migrate --live --host compute VNF-2 --block-migration
usage: openstack server migrate [-h] [--live-migration] [--live <hostname> | --host <hostname>] [--shared-migration | --block-migration]
                                [--disk-overcommit | --no-disk-overcommit] [--wait]
                                <server>
openstack server migrate: error: argument --live: expected one argument
ubuntu@controller:~$ microstack.openstack server migrate --live-migration --host compute VNF-2 --block-migration
--os-compute-api-version 2.30 or greater is required when using --host
ubuntu@controller:~$ ip a
1: lo: <LOOPBACK,UP,LOWER_UP> mtu 65536 qdisc noqueue state UNKNOWN group default qlen 1000
    link/loopback 00:00:00:00:00:00 brd 00:00:00:00:00:00
    inet 127.0.0.1/8 scope host lo
       valid_lft forever preferred_lft forever
    inet6 ::1/128 scope host 
       valid_lft forever preferred_lft forever
2: enp0s2: <BROADCAST,MULTICAST,UP,LOWER_UP> mtu 1500 qdisc fq_codel state UP group default qlen 1000
    link/ether 0e:b5:75:f7:f1:de brd ff:ff:ff:ff:ff:ff
    inet 192.168.64.20/24 brd 192.168.64.255 scope global dynamic enp0s2
       valid_lft 70528sec preferred_lft 70528sec
    inet6 fd5f:d325:414f:1637:cb5:75ff:fef7:f1de/64 scope global dynamic mngtmpaddr noprefixroute 
       valid_lft 2591973sec preferred_lft 604773sec
    inet6 fe80::cb5:75ff:fef7:f1de/64 scope link 
       valid_lft forever preferred_lft forever
3: ovs-system: <BROADCAST,MULTICAST> mtu 1500 qdisc noop state DOWN group default qlen 1000
    link/ether be:de:e6:87:5e:8c brd ff:ff:ff:ff:ff:ff
4: br-ex: <BROADCAST,MULTICAST,UP,LOWER_UP> mtu 1500 qdisc noqueue state UNKNOWN group default qlen 1000
    link/ether 4e:53:01:2b:8c:4d brd ff:ff:ff:ff:ff:ff
    inet 10.20.20.1/24 scope global br-ex
       valid_lft forever preferred_lft forever
    inet6 fe80::4c53:1ff:fe2b:8c4d/64 scope link 
       valid_lft forever preferred_lft forever
5: br-int: <BROADCAST,MULTICAST> mtu 1500 qdisc noop state DOWN group default qlen 1000
    link/ether 3e:74:d0:a6:92:40 brd ff:ff:ff:ff:ff:ff
6: genev_sys_6081: <BROADCAST,MULTICAST,UP,LOWER_UP> mtu 65000 qdisc noqueue master ovs-system state UNKNOWN group default qlen 1000
    link/ether 2e:05:9e:49:75:2f brd ff:ff:ff:ff:ff:ff
    inet6 fe80::2c05:9eff:fe49:752f/64 scope link 
       valid_lft forever preferred_lft forever
ubuntu@controller:~$ microstack.openstack network list
+--------------------------------------+--------------+--------------------------------------+
| ID                                   | Name         | Subnets                              |
+--------------------------------------+--------------+--------------------------------------+
| 0b0608ed-4c75-4000-8226-d90ff03f4165 | tenant-net   | 5d065d0a-da59-4fa9-b9cc-0ea6ea5122e4 |
| 255294d5-292e-4df3-927f-270e91d1af0d | external     | 71f37a4c-1571-4dd3-ab4d-43b01b6ebf94 |
| 5591ae3c-f811-4c80-9690-6dfaf467514a | userPlane    | b1df01a2-4f03-4a23-a298-b24d7e12c72f |
| 674c87c5-23ca-4277-824b-16c346d6a4e8 | controlPlane | e0fd1795-43c1-4909-8728-c9c2890a6b70 |
| d205144f-485d-4792-9c3d-178ee0102515 | test         | 051873e8-cda2-499f-b873-0351aa35915a |
| eb073a7c-5998-41dd-b42d-1dee2969a3ab | provider-net | e58a629d-e508-4e0d-8f65-2f3fda0533f4 |
+--------------------------------------+--------------+--------------------------------------+
ubuntu@controller:~$ microstack.openstack network show 0b0608ed-4c75-4000-8226-d90ff03f4165
+---------------------------+---------------------------------------------------------------------------------------------------------------------------------------------------------+
| Field                     | Value                                                                                                                                                   |
+---------------------------+---------------------------------------------------------------------------------------------------------------------------------------------------------+
| admin_state_up            | UP                                                                                                                                                      |
| availability_zone_hints   |                                                                                                                                                         |
| availability_zones        |                                                                                                                                                         |
| created_at                | 2022-01-06T01:45:12Z                                                                                                                                    |
| description               |                                                                                                                                                         |
| dns_domain                | None                                                                                                                                                    |
| id                        | 0b0608ed-4c75-4000-8226-d90ff03f4165                                                                                                                    |
| ipv4_address_scope        | None                                                                                                                                                    |
| ipv6_address_scope        | None                                                                                                                                                    |
| is_default                | None                                                                                                                                                    |
| is_vlan_transparent       | None                                                                                                                                                    |
| location                  | cloud='', project.domain_id=, project.domain_name='default', project.id='fa76f3eb5fa046658ad8487ba72360ac', project.name='admin', region_name='', zone= |
| mtu                       | 1442                                                                                                                                                    |
| name                      | tenant-net                                                                                                                                              |
| port_security_enabled     | True                                                                                                                                                    |
| project_id                | fa76f3eb5fa046658ad8487ba72360ac                                                                                                                        |
| provider:network_type     | geneve                                                                                                                                                  |
| provider:physical_network | None                                                                                                                                                    |
| provider:segmentation_id  | 27100                                                                                                                                                   |
| qos_policy_id             | None                                                                                                                                                    |
| revision_number           | 2                                                                                                                                                       |
| router:external           | Internal                                                                                                                                                |
| segments                  | None                                                                                                                                                    |
| shared                    | False                                                                                                                                                   |
| status                    | ACTIVE                                                                                                                                                  |
| subnets                   | 5d065d0a-da59-4fa9-b9cc-0ea6ea5122e4                                                                                                                    |
| tags                      |                                                                                                                                                         |
| updated_at                | 2022-01-06T01:45:24Z                                                                                                                                    |
+---------------------------+---------------------------------------------------------------------------------------------------------------------------------------------------------+
ubuntu@controller:~$ microstack.openstack network show eb073a7c-5998-41dd-b42d-1dee2969a3ab
+---------------------------+---------------------------------------------------------------------------------------------------------------------------------------------------------+
| Field                     | Value                                                                                                                                                   |
+---------------------------+---------------------------------------------------------------------------------------------------------------------------------------------------------+
| admin_state_up            | UP                                                                                                                                                      |
| availability_zone_hints   |                                                                                                                                                         |
| availability_zones        |                                                                                                                                                         |
| created_at                | 2022-01-06T01:52:04Z                                                                                                                                    |
| description               |                                                                                                                                                         |
| dns_domain                | None                                                                                                                                                    |
| id                        | eb073a7c-5998-41dd-b42d-1dee2969a3ab                                                                                                                    |
| ipv4_address_scope        | None                                                                                                                                                    |
| ipv6_address_scope        | None                                                                                                                                                    |
| is_default                | False                                                                                                                                                   |
| is_vlan_transparent       | None                                                                                                                                                    |
| location                  | cloud='', project.domain_id=, project.domain_name='default', project.id='fa76f3eb5fa046658ad8487ba72360ac', project.name='admin', region_name='', zone= |
| mtu                       | 1500                                                                                                                                                    |
| name                      | provider-net                                                                                                                                            |
| port_security_enabled     | True                                                                                                                                                    |
| project_id                | fa76f3eb5fa046658ad8487ba72360ac                                                                                                                        |
| provider:network_type     | flat                                                                                                                                                    |
| provider:physical_network | enp0s2                                                                                                                                                  |
| provider:segmentation_id  | None                                                                                                                                                    |
| qos_policy_id             | None                                                                                                                                                    |
| revision_number           | 2                                                                                                                                                       |
| router:external           | External                                                                                                                                                |
| segments                  | None                                                                                                                                                    |
| shared                    | True                                                                                                                                                    |
| status                    | ACTIVE                                                                                                                                                  |
| subnets                   | e58a629d-e508-4e0d-8f65-2f3fda0533f4                                                                                                                    |
| tags                      |                                                                                                                                                         |
| updated_at                | 2022-01-06T01:52:15Z                                                                                                                                    |
+---------------------------+---------------------------------------------------------------------------------------------------------------------------------------------------------+
ubuntu@controller:~$ sudo shutdown
Shutdown scheduled for Thu 2022-01-06 06:51:33 +04, use 'shutdown -c' to cancel.
(base) aamirsyed@Aamirs-MBP ~ % 

